Warning in <TClassTable::Add>: class RooPowerLaw already in TClassTable
Error in <TCling::LoadPCM>: ROOT PCM /afs/cern.ch/work/p/pelai/HZa/flashgg_run3/CMSSW_14_1_0_pre4/src/flashggFinalFit/Background/lib/RootDict_rdict.pcm file does not exist
Info in <TCling::LoadPCM>: In-memory ROOT PCM candidate /cvmfs/cms.cern.ch/el9_amd64_gcc12/lcg/root/6.30.07-8b1a11e1ef0e074fdfd44e162b27e71c/lib/libASImageGui_rdict.pcm

Info in <TCling::LoadPCM>: In-memory ROOT PCM candidate /cvmfs/cms.cern.ch/el9_amd64_gcc12/lcg/root/6.30.07-8b1a11e1ef0e074fdfd44e162b27e71c/lib/libASImage_rdict.pcm

Info in <TCling::LoadPCM>: In-memory ROOT PCM candidate /cvmfs/cms.cern.ch/el9_amd64_gcc12/lcg/root/6.30.07-8b1a11e1ef0e074fdfd44e162b27e71c/lib/libDCache_rdict.pcm

Info in <TCling::LoadPCM>: In-memory ROOT PCM candidate /cvmfs/cms.cern.ch/el9_amd64_gcc12/lcg/root/6.30.07-8b1a11e1ef0e074fdfd44e162b27e71c/lib/libEG_rdict.pcm

Info in <TCling::LoadPCM>: In-memory ROOT PCM candidate /cvmfs/cms.cern.ch/el9_amd64_gcc12/lcg/root/6.30.07-8b1a11e1ef0e074fdfd44e162b27e71c/lib/libEve_rdict.pcm

Info in <TCling::LoadPCM>: In-memory ROOT PCM candidate /cvmfs/cms.cern.ch/el9_amd64_gcc12/lcg/root/6.30.07-8b1a11e1ef0e074fdfd44e162b27e71c/lib/libFFTW_rdict.pcm

Info in <TCling::LoadPCM>: In-memory ROOT PCM candidate /cvmfs/cms.cern.ch/el9_amd64_gcc12/lcg/root/6.30.07-8b1a11e1ef0e074fdfd44e162b27e71c/lib/libFitPanel_rdict.pcm

Info in <TCling::LoadPCM>: In-memory ROOT PCM candidate /cvmfs/cms.cern.ch/el9_amd64_gcc12/lcg/root/6.30.07-8b1a11e1ef0e074fdfd44e162b27e71c/lib/libFoam_rdict.pcm

Info in <TCling::LoadPCM>: In-memory ROOT PCM candidate /cvmfs/cms.cern.ch/el9_amd64_gcc12/lcg/root/6.30.07-8b1a11e1ef0e074fdfd44e162b27e71c/lib/libFumili_rdict.pcm

Info in <TCling::LoadPCM>: In-memory ROOT PCM candidate /cvmfs/cms.cern.ch/el9_amd64_gcc12/lcg/root/6.30.07-8b1a11e1ef0e074fdfd44e162b27e71c/lib/libGX11TTF_rdict.pcm

Info in <TCling::LoadPCM>: In-memory ROOT PCM candidate /cvmfs/cms.cern.ch/el9_amd64_gcc12/lcg/root/6.30.07-8b1a11e1ef0e074fdfd44e162b27e71c/lib/libGX11_rdict.pcm

Info in <TCling::LoadPCM>: In-memory ROOT PCM candidate /cvmfs/cms.cern.ch/el9_amd64_gcc12/lcg/root/6.30.07-8b1a11e1ef0e074fdfd44e162b27e71c/lib/libGdml_rdict.pcm

Info in <TCling::LoadPCM>: In-memory ROOT PCM candidate /cvmfs/cms.cern.ch/el9_amd64_gcc12/lcg/root/6.30.07-8b1a11e1ef0e074fdfd44e162b27e71c/lib/libGed_rdict.pcm

Info in <TCling::LoadPCM>: In-memory ROOT PCM candidate /cvmfs/cms.cern.ch/el9_amd64_gcc12/lcg/root/6.30.07-8b1a11e1ef0e074fdfd44e162b27e71c/lib/libGenVector_G__GenVector32_rdict.pcm

Info in <TCling::LoadPCM>: In-memory ROOT PCM candidate /cvmfs/cms.cern.ch/el9_amd64_gcc12/lcg/root/6.30.07-8b1a11e1ef0e074fdfd44e162b27e71c/lib/libGenVector_rdict.pcm

Info in <TCling::LoadPCM>: In-memory ROOT PCM candidate /cvmfs/cms.cern.ch/el9_amd64_gcc12/lcg/root/6.30.07-8b1a11e1ef0e074fdfd44e162b27e71c/lib/libGenetic_rdict.pcm

Info in <TCling::LoadPCM>: In-memory ROOT PCM candidate /cvmfs/cms.cern.ch/el9_amd64_gcc12/lcg/root/6.30.07-8b1a11e1ef0e074fdfd44e162b27e71c/lib/libGeomBuilder_rdict.pcm

Info in <TCling::LoadPCM>: In-memory ROOT PCM candidate /cvmfs/cms.cern.ch/el9_amd64_gcc12/lcg/root/6.30.07-8b1a11e1ef0e074fdfd44e162b27e71c/lib/libGeomPainter_rdict.pcm

Info in <TCling::LoadPCM>: In-memory ROOT PCM candidate /cvmfs/cms.cern.ch/el9_amd64_gcc12/lcg/root/6.30.07-8b1a11e1ef0e074fdfd44e162b27e71c/lib/libGeom_rdict.pcm

Info in <TCling::LoadPCM>: In-memory ROOT PCM candidate /cvmfs/cms.cern.ch/el9_amd64_gcc12/lcg/root/6.30.07-8b1a11e1ef0e074fdfd44e162b27e71c/lib/libGpad_rdict.pcm

Info in <TCling::LoadPCM>: In-memory ROOT PCM candidate /cvmfs/cms.cern.ch/el9_amd64_gcc12/lcg/root/6.30.07-8b1a11e1ef0e074fdfd44e162b27e71c/lib/libGraf3d_rdict.pcm

Info in <TCling::LoadPCM>: In-memory ROOT PCM candidate /cvmfs/cms.cern.ch/el9_amd64_gcc12/lcg/root/6.30.07-8b1a11e1ef0e074fdfd44e162b27e71c/lib/libGraf_rdict.pcm

Info in <TCling::LoadPCM>: In-memory ROOT PCM candidate /cvmfs/cms.cern.ch/el9_amd64_gcc12/lcg/root/6.30.07-8b1a11e1ef0e074fdfd44e162b27e71c/lib/libGuiBld_rdict.pcm

Info in <TCling::LoadPCM>: In-memory ROOT PCM candidate /cvmfs/cms.cern.ch/el9_amd64_gcc12/lcg/root/6.30.07-8b1a11e1ef0e074fdfd44e162b27e71c/lib/libGuiHtml_rdict.pcm

Info in <TCling::LoadPCM>: In-memory ROOT PCM candidate /cvmfs/cms.cern.ch/el9_amd64_gcc12/lcg/root/6.30.07-8b1a11e1ef0e074fdfd44e162b27e71c/lib/libGui_rdict.pcm

Info in <TCling::LoadPCM>: In-memory ROOT PCM candidate /cvmfs/cms.cern.ch/el9_amd64_gcc12/lcg/root/6.30.07-8b1a11e1ef0e074fdfd44e162b27e71c/lib/libGviz3d_rdict.pcm

Info in <TCling::LoadPCM>: In-memory ROOT PCM candidate /cvmfs/cms.cern.ch/el9_amd64_gcc12/lcg/root/6.30.07-8b1a11e1ef0e074fdfd44e162b27e71c/lib/libHistFactory_rdict.pcm

Info in <TCling::LoadPCM>: In-memory ROOT PCM candidate /cvmfs/cms.cern.ch/el9_amd64_gcc12/lcg/root/6.30.07-8b1a11e1ef0e074fdfd44e162b27e71c/lib/libHistPainter_rdict.pcm

Info in <TCling::LoadPCM>: In-memory ROOT PCM candidate /cvmfs/cms.cern.ch/el9_amd64_gcc12/lcg/root/6.30.07-8b1a11e1ef0e074fdfd44e162b27e71c/lib/libHist_rdict.pcm

Info in <TCling::LoadPCM>: In-memory ROOT PCM candidate /cvmfs/cms.cern.ch/el9_amd64_gcc12/lcg/root/6.30.07-8b1a11e1ef0e074fdfd44e162b27e71c/lib/libHtml_rdict.pcm

Info in <TCling::LoadPCM>: In-memory ROOT PCM candidate /cvmfs/cms.cern.ch/el9_amd64_gcc12/lcg/root/6.30.07-8b1a11e1ef0e074fdfd44e162b27e71c/lib/libMLP_rdict.pcm

Info in <TCling::LoadPCM>: In-memory ROOT PCM candidate /cvmfs/cms.cern.ch/el9_amd64_gcc12/lcg/root/6.30.07-8b1a11e1ef0e074fdfd44e162b27e71c/lib/libMathCore_rdict.pcm

Info in <TCling::LoadPCM>: In-memory ROOT PCM candidate /cvmfs/cms.cern.ch/el9_amd64_gcc12/lcg/root/6.30.07-8b1a11e1ef0e074fdfd44e162b27e71c/lib/libMathMore_rdict.pcm

Info in <TCling::LoadPCM>: In-memory ROOT PCM candidate /cvmfs/cms.cern.ch/el9_amd64_gcc12/lcg/root/6.30.07-8b1a11e1ef0e074fdfd44e162b27e71c/lib/libMatrix_rdict.pcm

Info in <TCling::LoadPCM>: In-memory ROOT PCM candidate /cvmfs/cms.cern.ch/el9_amd64_gcc12/lcg/root/6.30.07-8b1a11e1ef0e074fdfd44e162b27e71c/lib/libMinuit2_rdict.pcm

Info in <TCling::LoadPCM>: In-memory ROOT PCM candidate /cvmfs/cms.cern.ch/el9_amd64_gcc12/lcg/root/6.30.07-8b1a11e1ef0e074fdfd44e162b27e71c/lib/libMinuit_rdict.pcm

Info in <TCling::LoadPCM>: In-memory ROOT PCM candidate /cvmfs/cms.cern.ch/el9_amd64_gcc12/lcg/root/6.30.07-8b1a11e1ef0e074fdfd44e162b27e71c/lib/libNet_rdict.pcm

Info in <TCling::LoadPCM>: In-memory ROOT PCM candidate /cvmfs/cms.cern.ch/el9_amd64_gcc12/lcg/root/6.30.07-8b1a11e1ef0e074fdfd44e162b27e71c/lib/libNetxNG_rdict.pcm

Info in <TCling::LoadPCM>: In-memory ROOT PCM candidate /cvmfs/cms.cern.ch/el9_amd64_gcc12/lcg/root/6.30.07-8b1a11e1ef0e074fdfd44e162b27e71c/lib/libPhysics_rdict.pcm

Info in <TCling::LoadPCM>: In-memory ROOT PCM candidate /cvmfs/cms.cern.ch/el9_amd64_gcc12/lcg/root/6.30.07-8b1a11e1ef0e074fdfd44e162b27e71c/lib/libPostscript_rdict.pcm

Info in <TCling::LoadPCM>: In-memory ROOT PCM candidate /cvmfs/cms.cern.ch/el9_amd64_gcc12/lcg/root/6.30.07-8b1a11e1ef0e074fdfd44e162b27e71c/lib/libProofBench_rdict.pcm

Info in <TCling::LoadPCM>: In-memory ROOT PCM candidate /cvmfs/cms.cern.ch/el9_amd64_gcc12/lcg/root/6.30.07-8b1a11e1ef0e074fdfd44e162b27e71c/lib/libProofDraw_rdict.pcm

Info in <TCling::LoadPCM>: In-memory ROOT PCM candidate /cvmfs/cms.cern.ch/el9_amd64_gcc12/lcg/root/6.30.07-8b1a11e1ef0e074fdfd44e162b27e71c/lib/libProofPlayer_rdict.pcm

Info in <TCling::LoadPCM>: In-memory ROOT PCM candidate /cvmfs/cms.cern.ch/el9_amd64_gcc12/lcg/root/6.30.07-8b1a11e1ef0e074fdfd44e162b27e71c/lib/libProof_rdict.pcm

Info in <TCling::LoadPCM>: In-memory ROOT PCM candidate /cvmfs/cms.cern.ch/el9_amd64_gcc12/lcg/root/6.30.07-8b1a11e1ef0e074fdfd44e162b27e71c/lib/libPyMVA_rdict.pcm

Info in <TCling::LoadPCM>: In-memory ROOT PCM candidate /cvmfs/cms.cern.ch/el9_amd64_gcc12/lcg/root/6.30.07-8b1a11e1ef0e074fdfd44e162b27e71c/lib/libQuadp_rdict.pcm

Info in <TCling::LoadPCM>: In-memory ROOT PCM candidate /cvmfs/cms.cern.ch/el9_amd64_gcc12/lcg/root/6.30.07-8b1a11e1ef0e074fdfd44e162b27e71c/lib/libRCsg_rdict.pcm

Info in <TCling::LoadPCM>: In-memory ROOT PCM candidate /cvmfs/cms.cern.ch/el9_amd64_gcc12/lcg/root/6.30.07-8b1a11e1ef0e074fdfd44e162b27e71c/lib/libRDAVIX_rdict.pcm

Info in <TCling::LoadPCM>: In-memory ROOT PCM candidate /cvmfs/cms.cern.ch/el9_amd64_gcc12/lcg/root/6.30.07-8b1a11e1ef0e074fdfd44e162b27e71c/lib/libRGL_rdict.pcm

Info in <TCling::LoadPCM>: In-memory ROOT PCM candidate /cvmfs/cms.cern.ch/el9_amd64_gcc12/lcg/root/6.30.07-8b1a11e1ef0e074fdfd44e162b27e71c/lib/libRHTTPSniff_rdict.pcm

Info in <TCling::LoadPCM>: In-memory ROOT PCM candidate /cvmfs/cms.cern.ch/el9_amd64_gcc12/lcg/root/6.30.07-8b1a11e1ef0e074fdfd44e162b27e71c/lib/libRHTTP_rdict.pcm

Info in <TCling::LoadPCM>: In-memory ROOT PCM candidate /cvmfs/cms.cern.ch/el9_amd64_gcc12/lcg/root/6.30.07-8b1a11e1ef0e074fdfd44e162b27e71c/lib/libROOTBrowsable_rdict.pcm

Info in <TCling::LoadPCM>: In-memory ROOT PCM candidate /cvmfs/cms.cern.ch/el9_amd64_gcc12/lcg/root/6.30.07-8b1a11e1ef0e074fdfd44e162b27e71c/lib/libROOTBrowserv7_rdict.pcm

Info in <TCling::LoadPCM>: In-memory ROOT PCM candidate /cvmfs/cms.cern.ch/el9_amd64_gcc12/lcg/root/6.30.07-8b1a11e1ef0e074fdfd44e162b27e71c/lib/libROOTDataFrame_rdict.pcm

Info in <TCling::LoadPCM>: In-memory ROOT PCM candidate /cvmfs/cms.cern.ch/el9_amd64_gcc12/lcg/root/6.30.07-8b1a11e1ef0e074fdfd44e162b27e71c/lib/libROOTEve_rdict.pcm

Info in <TCling::LoadPCM>: In-memory ROOT PCM candidate /cvmfs/cms.cern.ch/el9_amd64_gcc12/lcg/root/6.30.07-8b1a11e1ef0e074fdfd44e162b27e71c/lib/libROOTFitPanelv7_rdict.pcm

Info in <TCling::LoadPCM>: In-memory ROOT PCM candidate /cvmfs/cms.cern.ch/el9_amd64_gcc12/lcg/root/6.30.07-8b1a11e1ef0e074fdfd44e162b27e71c/lib/libROOTGeomViewer_rdict.pcm

Info in <TCling::LoadPCM>: In-memory ROOT PCM candidate /cvmfs/cms.cern.ch/el9_amd64_gcc12/lcg/root/6.30.07-8b1a11e1ef0e074fdfd44e162b27e71c/lib/libROOTGpadv7_rdict.pcm

Info in <TCling::LoadPCM>: In-memory ROOT PCM candidate /cvmfs/cms.cern.ch/el9_amd64_gcc12/lcg/root/6.30.07-8b1a11e1ef0e074fdfd44e162b27e71c/lib/libROOTGraphicsPrimitives_rdict.pcm

Info in <TCling::LoadPCM>: In-memory ROOT PCM candidate /cvmfs/cms.cern.ch/el9_amd64_gcc12/lcg/root/6.30.07-8b1a11e1ef0e074fdfd44e162b27e71c/lib/libROOTHistDraw_rdict.pcm

Info in <TCling::LoadPCM>: In-memory ROOT PCM candidate /cvmfs/cms.cern.ch/el9_amd64_gcc12/lcg/root/6.30.07-8b1a11e1ef0e074fdfd44e162b27e71c/lib/libROOTHist_rdict.pcm

Info in <TCling::LoadPCM>: In-memory ROOT PCM candidate /cvmfs/cms.cern.ch/el9_amd64_gcc12/lcg/root/6.30.07-8b1a11e1ef0e074fdfd44e162b27e71c/lib/libROOTNTupleUtil_rdict.pcm

Info in <TCling::LoadPCM>: In-memory ROOT PCM candidate /cvmfs/cms.cern.ch/el9_amd64_gcc12/lcg/root/6.30.07-8b1a11e1ef0e074fdfd44e162b27e71c/lib/libROOTNTuple_rdict.pcm

Info in <TCling::LoadPCM>: In-memory ROOT PCM candidate /cvmfs/cms.cern.ch/el9_amd64_gcc12/lcg/root/6.30.07-8b1a11e1ef0e074fdfd44e162b27e71c/lib/libROOTTMVASofie_rdict.pcm

Info in <TCling::LoadPCM>: In-memory ROOT PCM candidate /cvmfs/cms.cern.ch/el9_amd64_gcc12/lcg/root/6.30.07-8b1a11e1ef0e074fdfd44e162b27e71c/lib/libROOTTPython_rdict.pcm

Info in <TCling::LoadPCM>: In-memory ROOT PCM candidate /cvmfs/cms.cern.ch/el9_amd64_gcc12/lcg/root/6.30.07-8b1a11e1ef0e074fdfd44e162b27e71c/lib/libROOTTreeViewer_rdict.pcm

Info in <TCling::LoadPCM>: In-memory ROOT PCM candidate /cvmfs/cms.cern.ch/el9_amd64_gcc12/lcg/root/6.30.07-8b1a11e1ef0e074fdfd44e162b27e71c/lib/libROOTVecOps_rdict.pcm

Info in <TCling::LoadPCM>: In-memory ROOT PCM candidate /cvmfs/cms.cern.ch/el9_amd64_gcc12/lcg/root/6.30.07-8b1a11e1ef0e074fdfd44e162b27e71c/lib/libROOTWebDisplay_rdict.pcm

Info in <TCling::LoadPCM>: In-memory ROOT PCM candidate /cvmfs/cms.cern.ch/el9_amd64_gcc12/lcg/root/6.30.07-8b1a11e1ef0e074fdfd44e162b27e71c/lib/libRecorder_rdict.pcm

Info in <TCling::LoadPCM>: In-memory ROOT PCM candidate /cvmfs/cms.cern.ch/el9_amd64_gcc12/lcg/root/6.30.07-8b1a11e1ef0e074fdfd44e162b27e71c/lib/libRooFitCore_rdict.pcm

Info in <TCling::LoadPCM>: In-memory ROOT PCM candidate /cvmfs/cms.cern.ch/el9_amd64_gcc12/lcg/root/6.30.07-8b1a11e1ef0e074fdfd44e162b27e71c/lib/libRooFitHS3_rdict.pcm

Info in <TCling::LoadPCM>: In-memory ROOT PCM candidate /cvmfs/cms.cern.ch/el9_amd64_gcc12/lcg/root/6.30.07-8b1a11e1ef0e074fdfd44e162b27e71c/lib/libRooFitJSONInterface_rdict.pcm

Info in <TCling::LoadPCM>: In-memory ROOT PCM candidate /cvmfs/cms.cern.ch/el9_amd64_gcc12/lcg/root/6.30.07-8b1a11e1ef0e074fdfd44e162b27e71c/lib/libRooFitMore_rdict.pcm

Info in <TCling::LoadPCM>: In-memory ROOT PCM candidate /cvmfs/cms.cern.ch/el9_amd64_gcc12/lcg/root/6.30.07-8b1a11e1ef0e074fdfd44e162b27e71c/lib/libRooFitRDataFrameHelpers_rdict.pcm

Info in <TCling::LoadPCM>: In-memory ROOT PCM candidate /cvmfs/cms.cern.ch/el9_amd64_gcc12/lcg/root/6.30.07-8b1a11e1ef0e074fdfd44e162b27e71c/lib/libRooFitXRooFit_rdict.pcm

Info in <TCling::LoadPCM>: In-memory ROOT PCM candidate /cvmfs/cms.cern.ch/el9_amd64_gcc12/lcg/root/6.30.07-8b1a11e1ef0e074fdfd44e162b27e71c/lib/libRooFit_rdict.pcm

Info in <TCling::LoadPCM>: In-memory ROOT PCM candidate /cvmfs/cms.cern.ch/el9_amd64_gcc12/lcg/root/6.30.07-8b1a11e1ef0e074fdfd44e162b27e71c/lib/libRooStats_rdict.pcm

Info in <TCling::LoadPCM>: In-memory ROOT PCM candidate /cvmfs/cms.cern.ch/el9_amd64_gcc12/lcg/root/6.30.07-8b1a11e1ef0e074fdfd44e162b27e71c/lib/libRootAuth_rdict.pcm

Info in <TCling::LoadPCM>: In-memory ROOT PCM candidate /cvmfs/cms.cern.ch/el9_amd64_gcc12/lcg/root/6.30.07-8b1a11e1ef0e074fdfd44e162b27e71c/lib/libSPlot_rdict.pcm

Info in <TCling::LoadPCM>: In-memory ROOT PCM candidate /cvmfs/cms.cern.ch/el9_amd64_gcc12/lcg/root/6.30.07-8b1a11e1ef0e074fdfd44e162b27e71c/lib/libSQLIO_rdict.pcm

Info in <TCling::LoadPCM>: In-memory ROOT PCM candidate /cvmfs/cms.cern.ch/el9_amd64_gcc12/lcg/root/6.30.07-8b1a11e1ef0e074fdfd44e162b27e71c/lib/libSessionViewer_rdict.pcm

Info in <TCling::LoadPCM>: In-memory ROOT PCM candidate /cvmfs/cms.cern.ch/el9_amd64_gcc12/lcg/root/6.30.07-8b1a11e1ef0e074fdfd44e162b27e71c/lib/libSmatrix_G__Smatrix32_rdict.pcm

Info in <TCling::LoadPCM>: In-memory ROOT PCM candidate /cvmfs/cms.cern.ch/el9_amd64_gcc12/lcg/root/6.30.07-8b1a11e1ef0e074fdfd44e162b27e71c/lib/libSmatrix_rdict.pcm

Info in <TCling::LoadPCM>: In-memory ROOT PCM candidate /cvmfs/cms.cern.ch/el9_amd64_gcc12/lcg/root/6.30.07-8b1a11e1ef0e074fdfd44e162b27e71c/lib/libSpectrumPainter_rdict.pcm

Info in <TCling::LoadPCM>: In-memory ROOT PCM candidate /cvmfs/cms.cern.ch/el9_amd64_gcc12/lcg/root/6.30.07-8b1a11e1ef0e074fdfd44e162b27e71c/lib/libSpectrum_rdict.pcm

Info in <TCling::LoadPCM>: In-memory ROOT PCM candidate /cvmfs/cms.cern.ch/el9_amd64_gcc12/lcg/root/6.30.07-8b1a11e1ef0e074fdfd44e162b27e71c/lib/libTMVAGui_rdict.pcm

Info in <TCling::LoadPCM>: In-memory ROOT PCM candidate /cvmfs/cms.cern.ch/el9_amd64_gcc12/lcg/root/6.30.07-8b1a11e1ef0e074fdfd44e162b27e71c/lib/libTMVAUtils_rdict.pcm

Info in <TCling::LoadPCM>: In-memory ROOT PCM candidate /cvmfs/cms.cern.ch/el9_amd64_gcc12/lcg/root/6.30.07-8b1a11e1ef0e074fdfd44e162b27e71c/lib/libTMVA_rdict.pcm

Info in <TCling::LoadPCM>: In-memory ROOT PCM candidate /cvmfs/cms.cern.ch/el9_amd64_gcc12/lcg/root/6.30.07-8b1a11e1ef0e074fdfd44e162b27e71c/lib/libTreePlayer_rdict.pcm

Info in <TCling::LoadPCM>: In-memory ROOT PCM candidate /cvmfs/cms.cern.ch/el9_amd64_gcc12/lcg/root/6.30.07-8b1a11e1ef0e074fdfd44e162b27e71c/lib/libTreeViewer_rdict.pcm

Info in <TCling::LoadPCM>: In-memory ROOT PCM candidate /cvmfs/cms.cern.ch/el9_amd64_gcc12/lcg/root/6.30.07-8b1a11e1ef0e074fdfd44e162b27e71c/lib/libTree_rdict.pcm

Info in <TCling::LoadPCM>: In-memory ROOT PCM candidate /cvmfs/cms.cern.ch/el9_amd64_gcc12/lcg/root/6.30.07-8b1a11e1ef0e074fdfd44e162b27e71c/lib/libWebGui6_rdict.pcm

Info in <TCling::LoadPCM>: In-memory ROOT PCM candidate /cvmfs/cms.cern.ch/el9_amd64_gcc12/lcg/root/6.30.07-8b1a11e1ef0e074fdfd44e162b27e71c/lib/libX3d_rdict.pcm

Info in <TCling::LoadPCM>: In-memory ROOT PCM candidate /cvmfs/cms.cern.ch/el9_amd64_gcc12/lcg/root/6.30.07-8b1a11e1ef0e074fdfd44e162b27e71c/lib/libXMLIO_rdict.pcm

Info in <TCling::LoadPCM>: In-memory ROOT PCM candidate /cvmfs/cms.cern.ch/el9_amd64_gcc12/lcg/root/6.30.07-8b1a11e1ef0e074fdfd44e162b27e71c/lib/libXMLParser_rdict.pcm

[WSTFileWrapper] successfully opened this file: /afs/cern.ch/work/p/pelai/HZa/flashgg_run3/CMSSW_14_1_0_pre4/src/flashggFinalFit/Background/ALP_BkgModel_ReReco/fit_results_run3/25/CMS-HGG_mva_13p6TeV_multipdf.root
[WSTFileWrapper] on file /afs/cern.ch/work/p/pelai/HZa/flashgg_run3/CMSSW_14_1_0_pre4/src/flashggFinalFit/Background/ALP_BkgModel_ReReco/fit_results_run3/25/CMS-HGG_mva_13p6TeV_multipdf.root opened workspace named: multipdf
[INFO] sqrts=13p6TeV -> extStr=13p6TeV
[WSTFileWrapper] Got non-zero RooAbsData from /afs/cern.ch/work/p/pelai/HZa/flashgg_run3/CMSSW_14_1_0_pre4/src/flashggFinalFit/Background/ALP_BkgModel_ReReco/fit_results_run3/25/CMS-HGG_mva_13p6TeV_multipdf.root with name roohist_data_mass_cat0
[WSTFileWrapper] Got non-zero RooAbsPdf from /afs/cern.ch/work/p/pelai/HZa/flashgg_run3/CMSSW_14_1_0_pre4/src/flashggFinalFit/Background/ALP_BkgModel_ReReco/fit_results_run3/25/CMS-HGG_mva_13p6TeV_multipdf.root with name CMS_hgg_cat0_13p6TeV_bkgshape
[WSTFileWrapper] Got non-zero RooCategory from /afs/cern.ch/work/p/pelai/HZa/flashgg_run3/CMSSW_14_1_0_pre4/src/flashggFinalFit/Background/ALP_BkgModel_ReReco/fit_results_run3/25/CMS-HGG_mva_13p6TeV_multipdf.root with name pdfindex_cat0_13p6TeV
[INFO] Current PDF and data:
[INFO] 	RooFFTConvPdf::Exp3[ Exp_soft_exp3(CMS_hza_mass) (*) Exp_gau_exp3(CMS_hza_mass) ] = 151043
[INFO] 	RooDataHist::roohist_data_mass_cat0[CMS_hza_mass] = 85 bins (315 weights)
unblind: 0
Into the blind
Number of PDFs: 4
Info in <TCanvas::Print>: pdf file /afs/cern.ch/work/p/pelai/HZa/flashgg_run3/CMSSW_14_1_0_pre4/src/flashggFinalFit/Background/ALP_BkgModel_ReReco/fit_results_run3/25/BkgPlots/allPdfs_cat0.pdf has been created
unblind: 0
Into the blind
Number of PDFs: 4
Info in <TCanvas::Print>: pdf file /afs/cern.ch/work/p/pelai/HZa/flashgg_run3/CMSSW_14_1_0_pre4/src/flashggFinalFit/Background/ALP_BkgModel_ReReco/fit_results_run3/AllFitResults/allPdfs_25.pdf has been created
[INFO] Best fit PDF and data:
[INFO] 	RooFFTConvPdf::Exp3[ Exp_soft_exp3(CMS_hza_mass) (*) Exp_gau_exp3(CMS_hza_mass) ] = 150807
[INFO] 	RooDataHist::roohist_data_mass_cat0[CMS_hza_mass] = 85 bins (315 weights)
Error in <TLegend::AddEntry>: need to create a canvas first
[INFO] Plotting data and nominal curve
[INFO] Plot has 85 bins
[INFO] Processing for mA = 25
[FOR TABLE] ,UntaggedTag_0,95,2.90284, assuming resolution of 1
[INFO] mgg: 95 nomBkg: 2.76598 +/- 1 (2) sig -- +0.136428(0.467754) - 2.06908(2.18253)
[FOR TABLE] ,UntaggedTag_0,97.5,4.24391, assuming resolution of 1
[INFO] mgg: 97.5 nomBkg: 4.23935 +/- 1 (2) sig -- +0.965141(2.0268) - 0.794877(1.45727)
[FOR TABLE] ,UntaggedTag_0,100,5.9301, assuming resolution of 1
[INFO] mgg: 100 nomBkg: 5.93033 +/- 1 (2) sig -- +0.799059(1.65519) - 0.741292(1.38992)
[FOR TABLE] ,UntaggedTag_0,102.5,7.60514, assuming resolution of 1
[INFO] mgg: 102.5 nomBkg: 7.61089 +/- 1 (2) sig -- +0.711249(1.4225) - 0.832441(1.4865)
[FOR TABLE] ,UntaggedTag_0,105,8.99948, assuming resolution of 1
[INFO] mgg: 105 nomBkg: 9.01766 +/- 1 (2) sig -- +0.703814(1.40763) - 0.98534(1.54839)
[FOR TABLE] ,UntaggedTag_0,107.5,9.88428, assuming resolution of 1
[INFO] mgg: 107.5 nomBkg: 9.90333 +/- 1 (2) sig -- +0.774446(1.62265) - 1.10635(1.69641)
[FOR TABLE] ,UntaggedTag_0,110,10.1475, assuming resolution of 1
[INFO] mgg: 110 nomBkg: 10.1654 +/- 1 (2) sig -- +0.821989(1.7187) - 1.12089(1.79343)
[FOR TABLE] ,UntaggedTag_0,112.5,9.82448, assuming resolution of 1
[INFO] mgg: 112.5 nomBkg: 9.83201 +/- 1 (2) sig -- +0.808398(1.69029) - 0.992125(1.69029)
[FOR TABLE] ,UntaggedTag_0,115,9.06813, assuming resolution of 1
[INFO] mgg: 115 nomBkg: 9.07789 +/- 1 (2) sig -- +0.706161(1.48294) - 0.776777(1.41232)
[FOR TABLE] ,UntaggedTag_0,117.5,8.0669, assuming resolution of 1
[INFO] mgg: 117.5 nomBkg: 8.06824 +/- 1 (2) sig -- +0.59916(1.26489) - 0.567298(1.1346)
[FOR TABLE] ,UntaggedTag_0,120,6.99365, assuming resolution of 1
[INFO] mgg: 120 nomBkg: 6.99136 +/- 1 (2) sig -- +0.526758(1.11549) - 0.46427(0.87392)
[FOR TABLE] ,UntaggedTag_0,122.5,5.97108, assuming resolution of 1
[INFO] mgg: 122.5 nomBkg: 5.96867 +/- 1 (2) sig -- +0.515339(1.03068) - 0.373042(0.722769)
[FOR TABLE] ,UntaggedTag_0,125,5.06471, assuming resolution of 1
[INFO] mgg: 125 nomBkg: 5.05911 +/- 1 (2) sig -- +0.513988(0.896184) - 0.306313(0.592864)
[FOR TABLE] ,UntaggedTag_0,127.5,4.29545, assuming resolution of 1
[INFO] mgg: 127.5 nomBkg: 4.2928 +/- 1 (2) sig -- +0.461323(0.801246) - 0.2683(0.5366)
[FOR TABLE] ,UntaggedTag_0,130,3.65768, assuming resolution of 1
[INFO] mgg: 130 nomBkg: 3.65311 +/- 1 (2) sig -- +0.414366(0.694343) - 0.242589(0.470908)
[FOR TABLE] ,UntaggedTag_0,135,2.70436, assuming resolution of 1
[INFO] mgg: 135 nomBkg: 2.70135 +/- 1 (2) sig -- +0.29854(0.500778) - 0.211043(0.400981)
[FOR TABLE] ,UntaggedTag_0,140,2.0569, assuming resolution of 1
[INFO] mgg: 140 nomBkg: 2.05499 +/- 1 (2) sig -- +0.218388(0.436777) - 0.192655(0.369256)
[FOR TABLE] ,UntaggedTag_0,145,1.60472, assuming resolution of 1
[INFO] mgg: 145 nomBkg: 1.60349 +/- 1 (2) sig -- +0.192911(0.385822) - 0.187908(0.338235)
[FOR TABLE] ,UntaggedTag_0,150,1.2783, assuming resolution of 1
[INFO] mgg: 150 nomBkg: 1.27748 +/- 1 (2) sig -- +0.165565(0.344375) - 0.159685(0.29941)
[FOR TABLE] ,UntaggedTag_0,155,1.03501, assuming resolution of 1
[INFO] mgg: 155 nomBkg: 1.03445 +/- 1 (2) sig -- +0.148986(0.309891) - 0.14547(0.266694)
[FOR TABLE] ,UntaggedTag_0,160,0.848422, assuming resolution of 1
[INFO] mgg: 160 nomBkg: 0.848027 +/- 1 (2) sig -- +0.183457(0.345331) - 0.145755(0.238508)
[FOR TABLE] ,UntaggedTag_0,165,0.70183, assuming resolution of 1
[INFO] mgg: 165 nomBkg: 0.701542 +/- 1 (2) sig -- +0.206123(0.372985) - 0.13702(0.219232)
[FOR TABLE] ,UntaggedTag_0,170,0.584407, assuming resolution of 1
[INFO] mgg: 170 nomBkg: 0.584189 +/- 1 (2) sig -- +0.197052(0.394104) - 0.0958435(0.196251)
[FOR TABLE] ,UntaggedTag_0,175,0.488927, assuming resolution of 1
[INFO] mgg: 175 nomBkg: 0.488759 +/- 1 (2) sig -- +0.221204(0.426022) - 0.106916(0.187103)
[FOR TABLE] ,UntaggedTag_0,180,0.413995, assuming resolution of 1
[INFO] mgg: 180 nomBkg: 0.410391 +/- 1 (2) sig -- +0.0262753(0.060057) - 0.286953(0.309396)

[INFO] intLumi 170.84
Info in <TCanvas::Print>: pdf file /afs/cern.ch/work/p/pelai/HZa/flashgg_run3/CMSSW_14_1_0_pre4/src/flashggFinalFit/Background/ALP_BkgModel_ReReco/fit_results_run3/AllFitResults/bkgplot_25.pdf has been created
Info in <TCanvas::Print>: pdf file /afs/cern.ch/work/p/pelai/HZa/flashgg_run3/CMSSW_14_1_0_pre4/src/flashggFinalFit/Background/ALP_BkgModel_ReReco/fit_results_run3/25/BkgPlots/bkgplot_cat0.pdf has been created
