Warning in <TClassTable::Add>: class RooPowerLaw already in TClassTable
Error in <TCling::LoadPCM>: ROOT PCM /afs/cern.ch/work/p/pelai/HZa/flashgg_run3/CMSSW_14_1_0_pre4/src/flashggFinalFit/Background/lib/RootDict_rdict.pcm file does not exist
Info in <TCling::LoadPCM>: In-memory ROOT PCM candidate /cvmfs/cms.cern.ch/el9_amd64_gcc12/lcg/root/6.30.07-8b1a11e1ef0e074fdfd44e162b27e71c/lib/libASImageGui_rdict.pcm

Info in <TCling::LoadPCM>: In-memory ROOT PCM candidate /cvmfs/cms.cern.ch/el9_amd64_gcc12/lcg/root/6.30.07-8b1a11e1ef0e074fdfd44e162b27e71c/lib/libASImage_rdict.pcm

Info in <TCling::LoadPCM>: In-memory ROOT PCM candidate /cvmfs/cms.cern.ch/el9_amd64_gcc12/lcg/root/6.30.07-8b1a11e1ef0e074fdfd44e162b27e71c/lib/libDCache_rdict.pcm

Info in <TCling::LoadPCM>: In-memory ROOT PCM candidate /cvmfs/cms.cern.ch/el9_amd64_gcc12/lcg/root/6.30.07-8b1a11e1ef0e074fdfd44e162b27e71c/lib/libEG_rdict.pcm

Info in <TCling::LoadPCM>: In-memory ROOT PCM candidate /cvmfs/cms.cern.ch/el9_amd64_gcc12/lcg/root/6.30.07-8b1a11e1ef0e074fdfd44e162b27e71c/lib/libEve_rdict.pcm

Info in <TCling::LoadPCM>: In-memory ROOT PCM candidate /cvmfs/cms.cern.ch/el9_amd64_gcc12/lcg/root/6.30.07-8b1a11e1ef0e074fdfd44e162b27e71c/lib/libFFTW_rdict.pcm

Info in <TCling::LoadPCM>: In-memory ROOT PCM candidate /cvmfs/cms.cern.ch/el9_amd64_gcc12/lcg/root/6.30.07-8b1a11e1ef0e074fdfd44e162b27e71c/lib/libFitPanel_rdict.pcm

Info in <TCling::LoadPCM>: In-memory ROOT PCM candidate /cvmfs/cms.cern.ch/el9_amd64_gcc12/lcg/root/6.30.07-8b1a11e1ef0e074fdfd44e162b27e71c/lib/libFoam_rdict.pcm

Info in <TCling::LoadPCM>: In-memory ROOT PCM candidate /cvmfs/cms.cern.ch/el9_amd64_gcc12/lcg/root/6.30.07-8b1a11e1ef0e074fdfd44e162b27e71c/lib/libFumili_rdict.pcm

Info in <TCling::LoadPCM>: In-memory ROOT PCM candidate /cvmfs/cms.cern.ch/el9_amd64_gcc12/lcg/root/6.30.07-8b1a11e1ef0e074fdfd44e162b27e71c/lib/libGX11TTF_rdict.pcm

Info in <TCling::LoadPCM>: In-memory ROOT PCM candidate /cvmfs/cms.cern.ch/el9_amd64_gcc12/lcg/root/6.30.07-8b1a11e1ef0e074fdfd44e162b27e71c/lib/libGX11_rdict.pcm

Info in <TCling::LoadPCM>: In-memory ROOT PCM candidate /cvmfs/cms.cern.ch/el9_amd64_gcc12/lcg/root/6.30.07-8b1a11e1ef0e074fdfd44e162b27e71c/lib/libGdml_rdict.pcm

Info in <TCling::LoadPCM>: In-memory ROOT PCM candidate /cvmfs/cms.cern.ch/el9_amd64_gcc12/lcg/root/6.30.07-8b1a11e1ef0e074fdfd44e162b27e71c/lib/libGed_rdict.pcm

Info in <TCling::LoadPCM>: In-memory ROOT PCM candidate /cvmfs/cms.cern.ch/el9_amd64_gcc12/lcg/root/6.30.07-8b1a11e1ef0e074fdfd44e162b27e71c/lib/libGenVector_G__GenVector32_rdict.pcm

Info in <TCling::LoadPCM>: In-memory ROOT PCM candidate /cvmfs/cms.cern.ch/el9_amd64_gcc12/lcg/root/6.30.07-8b1a11e1ef0e074fdfd44e162b27e71c/lib/libGenVector_rdict.pcm

Info in <TCling::LoadPCM>: In-memory ROOT PCM candidate /cvmfs/cms.cern.ch/el9_amd64_gcc12/lcg/root/6.30.07-8b1a11e1ef0e074fdfd44e162b27e71c/lib/libGenetic_rdict.pcm

Info in <TCling::LoadPCM>: In-memory ROOT PCM candidate /cvmfs/cms.cern.ch/el9_amd64_gcc12/lcg/root/6.30.07-8b1a11e1ef0e074fdfd44e162b27e71c/lib/libGeomBuilder_rdict.pcm

Info in <TCling::LoadPCM>: In-memory ROOT PCM candidate /cvmfs/cms.cern.ch/el9_amd64_gcc12/lcg/root/6.30.07-8b1a11e1ef0e074fdfd44e162b27e71c/lib/libGeomPainter_rdict.pcm

Info in <TCling::LoadPCM>: In-memory ROOT PCM candidate /cvmfs/cms.cern.ch/el9_amd64_gcc12/lcg/root/6.30.07-8b1a11e1ef0e074fdfd44e162b27e71c/lib/libGeom_rdict.pcm

Info in <TCling::LoadPCM>: In-memory ROOT PCM candidate /cvmfs/cms.cern.ch/el9_amd64_gcc12/lcg/root/6.30.07-8b1a11e1ef0e074fdfd44e162b27e71c/lib/libGpad_rdict.pcm

Info in <TCling::LoadPCM>: In-memory ROOT PCM candidate /cvmfs/cms.cern.ch/el9_amd64_gcc12/lcg/root/6.30.07-8b1a11e1ef0e074fdfd44e162b27e71c/lib/libGraf3d_rdict.pcm

Info in <TCling::LoadPCM>: In-memory ROOT PCM candidate /cvmfs/cms.cern.ch/el9_amd64_gcc12/lcg/root/6.30.07-8b1a11e1ef0e074fdfd44e162b27e71c/lib/libGraf_rdict.pcm

Info in <TCling::LoadPCM>: In-memory ROOT PCM candidate /cvmfs/cms.cern.ch/el9_amd64_gcc12/lcg/root/6.30.07-8b1a11e1ef0e074fdfd44e162b27e71c/lib/libGuiBld_rdict.pcm

Info in <TCling::LoadPCM>: In-memory ROOT PCM candidate /cvmfs/cms.cern.ch/el9_amd64_gcc12/lcg/root/6.30.07-8b1a11e1ef0e074fdfd44e162b27e71c/lib/libGuiHtml_rdict.pcm

Info in <TCling::LoadPCM>: In-memory ROOT PCM candidate /cvmfs/cms.cern.ch/el9_amd64_gcc12/lcg/root/6.30.07-8b1a11e1ef0e074fdfd44e162b27e71c/lib/libGui_rdict.pcm

Info in <TCling::LoadPCM>: In-memory ROOT PCM candidate /cvmfs/cms.cern.ch/el9_amd64_gcc12/lcg/root/6.30.07-8b1a11e1ef0e074fdfd44e162b27e71c/lib/libGviz3d_rdict.pcm

Info in <TCling::LoadPCM>: In-memory ROOT PCM candidate /cvmfs/cms.cern.ch/el9_amd64_gcc12/lcg/root/6.30.07-8b1a11e1ef0e074fdfd44e162b27e71c/lib/libHistFactory_rdict.pcm

Info in <TCling::LoadPCM>: In-memory ROOT PCM candidate /cvmfs/cms.cern.ch/el9_amd64_gcc12/lcg/root/6.30.07-8b1a11e1ef0e074fdfd44e162b27e71c/lib/libHistPainter_rdict.pcm

Info in <TCling::LoadPCM>: In-memory ROOT PCM candidate /cvmfs/cms.cern.ch/el9_amd64_gcc12/lcg/root/6.30.07-8b1a11e1ef0e074fdfd44e162b27e71c/lib/libHist_rdict.pcm

Info in <TCling::LoadPCM>: In-memory ROOT PCM candidate /cvmfs/cms.cern.ch/el9_amd64_gcc12/lcg/root/6.30.07-8b1a11e1ef0e074fdfd44e162b27e71c/lib/libHtml_rdict.pcm

Info in <TCling::LoadPCM>: In-memory ROOT PCM candidate /cvmfs/cms.cern.ch/el9_amd64_gcc12/lcg/root/6.30.07-8b1a11e1ef0e074fdfd44e162b27e71c/lib/libMLP_rdict.pcm

Info in <TCling::LoadPCM>: In-memory ROOT PCM candidate /cvmfs/cms.cern.ch/el9_amd64_gcc12/lcg/root/6.30.07-8b1a11e1ef0e074fdfd44e162b27e71c/lib/libMathCore_rdict.pcm

Info in <TCling::LoadPCM>: In-memory ROOT PCM candidate /cvmfs/cms.cern.ch/el9_amd64_gcc12/lcg/root/6.30.07-8b1a11e1ef0e074fdfd44e162b27e71c/lib/libMathMore_rdict.pcm

Info in <TCling::LoadPCM>: In-memory ROOT PCM candidate /cvmfs/cms.cern.ch/el9_amd64_gcc12/lcg/root/6.30.07-8b1a11e1ef0e074fdfd44e162b27e71c/lib/libMatrix_rdict.pcm

Info in <TCling::LoadPCM>: In-memory ROOT PCM candidate /cvmfs/cms.cern.ch/el9_amd64_gcc12/lcg/root/6.30.07-8b1a11e1ef0e074fdfd44e162b27e71c/lib/libMinuit2_rdict.pcm

Info in <TCling::LoadPCM>: In-memory ROOT PCM candidate /cvmfs/cms.cern.ch/el9_amd64_gcc12/lcg/root/6.30.07-8b1a11e1ef0e074fdfd44e162b27e71c/lib/libMinuit_rdict.pcm

Info in <TCling::LoadPCM>: In-memory ROOT PCM candidate /cvmfs/cms.cern.ch/el9_amd64_gcc12/lcg/root/6.30.07-8b1a11e1ef0e074fdfd44e162b27e71c/lib/libNet_rdict.pcm

Info in <TCling::LoadPCM>: In-memory ROOT PCM candidate /cvmfs/cms.cern.ch/el9_amd64_gcc12/lcg/root/6.30.07-8b1a11e1ef0e074fdfd44e162b27e71c/lib/libNetxNG_rdict.pcm

Info in <TCling::LoadPCM>: In-memory ROOT PCM candidate /cvmfs/cms.cern.ch/el9_amd64_gcc12/lcg/root/6.30.07-8b1a11e1ef0e074fdfd44e162b27e71c/lib/libPhysics_rdict.pcm

Info in <TCling::LoadPCM>: In-memory ROOT PCM candidate /cvmfs/cms.cern.ch/el9_amd64_gcc12/lcg/root/6.30.07-8b1a11e1ef0e074fdfd44e162b27e71c/lib/libPostscript_rdict.pcm

Info in <TCling::LoadPCM>: In-memory ROOT PCM candidate /cvmfs/cms.cern.ch/el9_amd64_gcc12/lcg/root/6.30.07-8b1a11e1ef0e074fdfd44e162b27e71c/lib/libProofBench_rdict.pcm

Info in <TCling::LoadPCM>: In-memory ROOT PCM candidate /cvmfs/cms.cern.ch/el9_amd64_gcc12/lcg/root/6.30.07-8b1a11e1ef0e074fdfd44e162b27e71c/lib/libProofDraw_rdict.pcm

Info in <TCling::LoadPCM>: In-memory ROOT PCM candidate /cvmfs/cms.cern.ch/el9_amd64_gcc12/lcg/root/6.30.07-8b1a11e1ef0e074fdfd44e162b27e71c/lib/libProofPlayer_rdict.pcm

Info in <TCling::LoadPCM>: In-memory ROOT PCM candidate /cvmfs/cms.cern.ch/el9_amd64_gcc12/lcg/root/6.30.07-8b1a11e1ef0e074fdfd44e162b27e71c/lib/libProof_rdict.pcm

Info in <TCling::LoadPCM>: In-memory ROOT PCM candidate /cvmfs/cms.cern.ch/el9_amd64_gcc12/lcg/root/6.30.07-8b1a11e1ef0e074fdfd44e162b27e71c/lib/libPyMVA_rdict.pcm

Info in <TCling::LoadPCM>: In-memory ROOT PCM candidate /cvmfs/cms.cern.ch/el9_amd64_gcc12/lcg/root/6.30.07-8b1a11e1ef0e074fdfd44e162b27e71c/lib/libQuadp_rdict.pcm

Info in <TCling::LoadPCM>: In-memory ROOT PCM candidate /cvmfs/cms.cern.ch/el9_amd64_gcc12/lcg/root/6.30.07-8b1a11e1ef0e074fdfd44e162b27e71c/lib/libRCsg_rdict.pcm

Info in <TCling::LoadPCM>: In-memory ROOT PCM candidate /cvmfs/cms.cern.ch/el9_amd64_gcc12/lcg/root/6.30.07-8b1a11e1ef0e074fdfd44e162b27e71c/lib/libRDAVIX_rdict.pcm

Info in <TCling::LoadPCM>: In-memory ROOT PCM candidate /cvmfs/cms.cern.ch/el9_amd64_gcc12/lcg/root/6.30.07-8b1a11e1ef0e074fdfd44e162b27e71c/lib/libRGL_rdict.pcm

Info in <TCling::LoadPCM>: In-memory ROOT PCM candidate /cvmfs/cms.cern.ch/el9_amd64_gcc12/lcg/root/6.30.07-8b1a11e1ef0e074fdfd44e162b27e71c/lib/libRHTTPSniff_rdict.pcm

Info in <TCling::LoadPCM>: In-memory ROOT PCM candidate /cvmfs/cms.cern.ch/el9_amd64_gcc12/lcg/root/6.30.07-8b1a11e1ef0e074fdfd44e162b27e71c/lib/libRHTTP_rdict.pcm

Info in <TCling::LoadPCM>: In-memory ROOT PCM candidate /cvmfs/cms.cern.ch/el9_amd64_gcc12/lcg/root/6.30.07-8b1a11e1ef0e074fdfd44e162b27e71c/lib/libROOTBrowsable_rdict.pcm

Info in <TCling::LoadPCM>: In-memory ROOT PCM candidate /cvmfs/cms.cern.ch/el9_amd64_gcc12/lcg/root/6.30.07-8b1a11e1ef0e074fdfd44e162b27e71c/lib/libROOTBrowserv7_rdict.pcm

Info in <TCling::LoadPCM>: In-memory ROOT PCM candidate /cvmfs/cms.cern.ch/el9_amd64_gcc12/lcg/root/6.30.07-8b1a11e1ef0e074fdfd44e162b27e71c/lib/libROOTDataFrame_rdict.pcm

Info in <TCling::LoadPCM>: In-memory ROOT PCM candidate /cvmfs/cms.cern.ch/el9_amd64_gcc12/lcg/root/6.30.07-8b1a11e1ef0e074fdfd44e162b27e71c/lib/libROOTEve_rdict.pcm

Info in <TCling::LoadPCM>: In-memory ROOT PCM candidate /cvmfs/cms.cern.ch/el9_amd64_gcc12/lcg/root/6.30.07-8b1a11e1ef0e074fdfd44e162b27e71c/lib/libROOTFitPanelv7_rdict.pcm

Info in <TCling::LoadPCM>: In-memory ROOT PCM candidate /cvmfs/cms.cern.ch/el9_amd64_gcc12/lcg/root/6.30.07-8b1a11e1ef0e074fdfd44e162b27e71c/lib/libROOTGeomViewer_rdict.pcm

Info in <TCling::LoadPCM>: In-memory ROOT PCM candidate /cvmfs/cms.cern.ch/el9_amd64_gcc12/lcg/root/6.30.07-8b1a11e1ef0e074fdfd44e162b27e71c/lib/libROOTGpadv7_rdict.pcm

Info in <TCling::LoadPCM>: In-memory ROOT PCM candidate /cvmfs/cms.cern.ch/el9_amd64_gcc12/lcg/root/6.30.07-8b1a11e1ef0e074fdfd44e162b27e71c/lib/libROOTGraphicsPrimitives_rdict.pcm

Info in <TCling::LoadPCM>: In-memory ROOT PCM candidate /cvmfs/cms.cern.ch/el9_amd64_gcc12/lcg/root/6.30.07-8b1a11e1ef0e074fdfd44e162b27e71c/lib/libROOTHistDraw_rdict.pcm

Info in <TCling::LoadPCM>: In-memory ROOT PCM candidate /cvmfs/cms.cern.ch/el9_amd64_gcc12/lcg/root/6.30.07-8b1a11e1ef0e074fdfd44e162b27e71c/lib/libROOTHist_rdict.pcm

Info in <TCling::LoadPCM>: In-memory ROOT PCM candidate /cvmfs/cms.cern.ch/el9_amd64_gcc12/lcg/root/6.30.07-8b1a11e1ef0e074fdfd44e162b27e71c/lib/libROOTNTupleUtil_rdict.pcm

Info in <TCling::LoadPCM>: In-memory ROOT PCM candidate /cvmfs/cms.cern.ch/el9_amd64_gcc12/lcg/root/6.30.07-8b1a11e1ef0e074fdfd44e162b27e71c/lib/libROOTNTuple_rdict.pcm

Info in <TCling::LoadPCM>: In-memory ROOT PCM candidate /cvmfs/cms.cern.ch/el9_amd64_gcc12/lcg/root/6.30.07-8b1a11e1ef0e074fdfd44e162b27e71c/lib/libROOTTMVASofie_rdict.pcm

Info in <TCling::LoadPCM>: In-memory ROOT PCM candidate /cvmfs/cms.cern.ch/el9_amd64_gcc12/lcg/root/6.30.07-8b1a11e1ef0e074fdfd44e162b27e71c/lib/libROOTTPython_rdict.pcm

Info in <TCling::LoadPCM>: In-memory ROOT PCM candidate /cvmfs/cms.cern.ch/el9_amd64_gcc12/lcg/root/6.30.07-8b1a11e1ef0e074fdfd44e162b27e71c/lib/libROOTTreeViewer_rdict.pcm

Info in <TCling::LoadPCM>: In-memory ROOT PCM candidate /cvmfs/cms.cern.ch/el9_amd64_gcc12/lcg/root/6.30.07-8b1a11e1ef0e074fdfd44e162b27e71c/lib/libROOTVecOps_rdict.pcm

Info in <TCling::LoadPCM>: In-memory ROOT PCM candidate /cvmfs/cms.cern.ch/el9_amd64_gcc12/lcg/root/6.30.07-8b1a11e1ef0e074fdfd44e162b27e71c/lib/libROOTWebDisplay_rdict.pcm

Info in <TCling::LoadPCM>: In-memory ROOT PCM candidate /cvmfs/cms.cern.ch/el9_amd64_gcc12/lcg/root/6.30.07-8b1a11e1ef0e074fdfd44e162b27e71c/lib/libRecorder_rdict.pcm

Info in <TCling::LoadPCM>: In-memory ROOT PCM candidate /cvmfs/cms.cern.ch/el9_amd64_gcc12/lcg/root/6.30.07-8b1a11e1ef0e074fdfd44e162b27e71c/lib/libRooFitCore_rdict.pcm

Info in <TCling::LoadPCM>: In-memory ROOT PCM candidate /cvmfs/cms.cern.ch/el9_amd64_gcc12/lcg/root/6.30.07-8b1a11e1ef0e074fdfd44e162b27e71c/lib/libRooFitHS3_rdict.pcm

Info in <TCling::LoadPCM>: In-memory ROOT PCM candidate /cvmfs/cms.cern.ch/el9_amd64_gcc12/lcg/root/6.30.07-8b1a11e1ef0e074fdfd44e162b27e71c/lib/libRooFitJSONInterface_rdict.pcm

Info in <TCling::LoadPCM>: In-memory ROOT PCM candidate /cvmfs/cms.cern.ch/el9_amd64_gcc12/lcg/root/6.30.07-8b1a11e1ef0e074fdfd44e162b27e71c/lib/libRooFitMore_rdict.pcm

Info in <TCling::LoadPCM>: In-memory ROOT PCM candidate /cvmfs/cms.cern.ch/el9_amd64_gcc12/lcg/root/6.30.07-8b1a11e1ef0e074fdfd44e162b27e71c/lib/libRooFitRDataFrameHelpers_rdict.pcm

Info in <TCling::LoadPCM>: In-memory ROOT PCM candidate /cvmfs/cms.cern.ch/el9_amd64_gcc12/lcg/root/6.30.07-8b1a11e1ef0e074fdfd44e162b27e71c/lib/libRooFitXRooFit_rdict.pcm

Info in <TCling::LoadPCM>: In-memory ROOT PCM candidate /cvmfs/cms.cern.ch/el9_amd64_gcc12/lcg/root/6.30.07-8b1a11e1ef0e074fdfd44e162b27e71c/lib/libRooFit_rdict.pcm

Info in <TCling::LoadPCM>: In-memory ROOT PCM candidate /cvmfs/cms.cern.ch/el9_amd64_gcc12/lcg/root/6.30.07-8b1a11e1ef0e074fdfd44e162b27e71c/lib/libRooStats_rdict.pcm

Info in <TCling::LoadPCM>: In-memory ROOT PCM candidate /cvmfs/cms.cern.ch/el9_amd64_gcc12/lcg/root/6.30.07-8b1a11e1ef0e074fdfd44e162b27e71c/lib/libRootAuth_rdict.pcm

Info in <TCling::LoadPCM>: In-memory ROOT PCM candidate /cvmfs/cms.cern.ch/el9_amd64_gcc12/lcg/root/6.30.07-8b1a11e1ef0e074fdfd44e162b27e71c/lib/libSPlot_rdict.pcm

Info in <TCling::LoadPCM>: In-memory ROOT PCM candidate /cvmfs/cms.cern.ch/el9_amd64_gcc12/lcg/root/6.30.07-8b1a11e1ef0e074fdfd44e162b27e71c/lib/libSQLIO_rdict.pcm

Info in <TCling::LoadPCM>: In-memory ROOT PCM candidate /cvmfs/cms.cern.ch/el9_amd64_gcc12/lcg/root/6.30.07-8b1a11e1ef0e074fdfd44e162b27e71c/lib/libSessionViewer_rdict.pcm

Info in <TCling::LoadPCM>: In-memory ROOT PCM candidate /cvmfs/cms.cern.ch/el9_amd64_gcc12/lcg/root/6.30.07-8b1a11e1ef0e074fdfd44e162b27e71c/lib/libSmatrix_G__Smatrix32_rdict.pcm

Info in <TCling::LoadPCM>: In-memory ROOT PCM candidate /cvmfs/cms.cern.ch/el9_amd64_gcc12/lcg/root/6.30.07-8b1a11e1ef0e074fdfd44e162b27e71c/lib/libSmatrix_rdict.pcm

Info in <TCling::LoadPCM>: In-memory ROOT PCM candidate /cvmfs/cms.cern.ch/el9_amd64_gcc12/lcg/root/6.30.07-8b1a11e1ef0e074fdfd44e162b27e71c/lib/libSpectrumPainter_rdict.pcm

Info in <TCling::LoadPCM>: In-memory ROOT PCM candidate /cvmfs/cms.cern.ch/el9_amd64_gcc12/lcg/root/6.30.07-8b1a11e1ef0e074fdfd44e162b27e71c/lib/libSpectrum_rdict.pcm

Info in <TCling::LoadPCM>: In-memory ROOT PCM candidate /cvmfs/cms.cern.ch/el9_amd64_gcc12/lcg/root/6.30.07-8b1a11e1ef0e074fdfd44e162b27e71c/lib/libTMVAGui_rdict.pcm

Info in <TCling::LoadPCM>: In-memory ROOT PCM candidate /cvmfs/cms.cern.ch/el9_amd64_gcc12/lcg/root/6.30.07-8b1a11e1ef0e074fdfd44e162b27e71c/lib/libTMVAUtils_rdict.pcm

Info in <TCling::LoadPCM>: In-memory ROOT PCM candidate /cvmfs/cms.cern.ch/el9_amd64_gcc12/lcg/root/6.30.07-8b1a11e1ef0e074fdfd44e162b27e71c/lib/libTMVA_rdict.pcm

Info in <TCling::LoadPCM>: In-memory ROOT PCM candidate /cvmfs/cms.cern.ch/el9_amd64_gcc12/lcg/root/6.30.07-8b1a11e1ef0e074fdfd44e162b27e71c/lib/libTreePlayer_rdict.pcm

Info in <TCling::LoadPCM>: In-memory ROOT PCM candidate /cvmfs/cms.cern.ch/el9_amd64_gcc12/lcg/root/6.30.07-8b1a11e1ef0e074fdfd44e162b27e71c/lib/libTreeViewer_rdict.pcm

Info in <TCling::LoadPCM>: In-memory ROOT PCM candidate /cvmfs/cms.cern.ch/el9_amd64_gcc12/lcg/root/6.30.07-8b1a11e1ef0e074fdfd44e162b27e71c/lib/libTree_rdict.pcm

Info in <TCling::LoadPCM>: In-memory ROOT PCM candidate /cvmfs/cms.cern.ch/el9_amd64_gcc12/lcg/root/6.30.07-8b1a11e1ef0e074fdfd44e162b27e71c/lib/libWebGui6_rdict.pcm

Info in <TCling::LoadPCM>: In-memory ROOT PCM candidate /cvmfs/cms.cern.ch/el9_amd64_gcc12/lcg/root/6.30.07-8b1a11e1ef0e074fdfd44e162b27e71c/lib/libX3d_rdict.pcm

Info in <TCling::LoadPCM>: In-memory ROOT PCM candidate /cvmfs/cms.cern.ch/el9_amd64_gcc12/lcg/root/6.30.07-8b1a11e1ef0e074fdfd44e162b27e71c/lib/libXMLIO_rdict.pcm

Info in <TCling::LoadPCM>: In-memory ROOT PCM candidate /cvmfs/cms.cern.ch/el9_amd64_gcc12/lcg/root/6.30.07-8b1a11e1ef0e074fdfd44e162b27e71c/lib/libXMLParser_rdict.pcm

[WSTFileWrapper] successfully opened this file: /afs/cern.ch/work/p/pelai/HZa/flashgg_run3/CMSSW_14_1_0_pre4/src/flashggFinalFit/Background/ALP_BkgModel_ReReco/fit_results_run3/11/CMS-HGG_mva_13p6TeV_multipdf.root
[WSTFileWrapper] on file /afs/cern.ch/work/p/pelai/HZa/flashgg_run3/CMSSW_14_1_0_pre4/src/flashggFinalFit/Background/ALP_BkgModel_ReReco/fit_results_run3/11/CMS-HGG_mva_13p6TeV_multipdf.root opened workspace named: multipdf
[INFO] sqrts=13p6TeV -> extStr=13p6TeV
[WSTFileWrapper] Got non-zero RooAbsData from /afs/cern.ch/work/p/pelai/HZa/flashgg_run3/CMSSW_14_1_0_pre4/src/flashggFinalFit/Background/ALP_BkgModel_ReReco/fit_results_run3/11/CMS-HGG_mva_13p6TeV_multipdf.root with name roohist_data_mass_cat0
[WSTFileWrapper] Got non-zero RooAbsPdf from /afs/cern.ch/work/p/pelai/HZa/flashgg_run3/CMSSW_14_1_0_pre4/src/flashggFinalFit/Background/ALP_BkgModel_ReReco/fit_results_run3/11/CMS-HGG_mva_13p6TeV_multipdf.root with name CMS_hgg_cat0_13p6TeV_bkgshape
[WSTFileWrapper] Got non-zero RooCategory from /afs/cern.ch/work/p/pelai/HZa/flashgg_run3/CMSSW_14_1_0_pre4/src/flashggFinalFit/Background/ALP_BkgModel_ReReco/fit_results_run3/11/CMS-HGG_mva_13p6TeV_multipdf.root with name pdfindex_cat0_13p6TeV
[INFO] Current PDF and data:
[INFO] 	RooFFTConvPdf::Exp3[ Exp_soft_exp3(CMS_hza_mass) (*) Exp_gau_exp3(CMS_hza_mass) ] = 313374
[INFO] 	RooDataHist::roohist_data_mass_cat0[CMS_hza_mass] = 85 bins (184 weights)
unblind: 0
Into the blind
Number of PDFs: 4
Info in <TCanvas::Print>: pdf file /afs/cern.ch/work/p/pelai/HZa/flashgg_run3/CMSSW_14_1_0_pre4/src/flashggFinalFit/Background/ALP_BkgModel_ReReco/fit_results_run3/11/BkgPlots/allPdfs_cat0.pdf has been created
unblind: 0
Into the blind
Number of PDFs: 4
Info in <TCanvas::Print>: pdf file /afs/cern.ch/work/p/pelai/HZa/flashgg_run3/CMSSW_14_1_0_pre4/src/flashggFinalFit/Background/ALP_BkgModel_ReReco/fit_results_run3/AllFitResults/allPdfs_11.pdf has been created
[INFO] Best fit PDF and data:
[INFO] 	RooFFTConvPdf::Exp3[ Exp_soft_exp3(CMS_hza_mass) (*) Exp_gau_exp3(CMS_hza_mass) ] = 315410
[INFO] 	RooDataHist::roohist_data_mass_cat0[CMS_hza_mass] = 85 bins (184 weights)
Error in <TLegend::AddEntry>: need to create a canvas first
[INFO] Plotting data and nominal curve
[INFO] Plot has 85 bins
[INFO] Processing for mA = 11
[FOR TABLE] ,UntaggedTag_0,95,1.49873, assuming resolution of 1
[INFO] mgg: 95 nomBkg: 1.41543 +/- 1 (2) sig -- +0.111536(0.278841) - 1.12239(1.21639)
[FOR TABLE] ,UntaggedTag_0,97.5,2.33696, assuming resolution of 1
[INFO] mgg: 97.5 nomBkg: 2.33437 +/- 1 (2) sig -- +0.716187(1.36075) - 0.60183(1.09424)
[FOR TABLE] ,UntaggedTag_0,100,3.37138, assuming resolution of 1
[INFO] mgg: 100 nomBkg: 3.37499 +/- 1 (2) sig -- +0.64586(1.29172) - 0.500975(1.00195)
[FOR TABLE] ,UntaggedTag_0,102.5,4.31854, assuming resolution of 1
[INFO] mgg: 102.5 nomBkg: 4.32834 +/- 1 (2) sig -- +0.731414(1.26778) - 0.473412(1.08208)
[FOR TABLE] ,UntaggedTag_0,105,4.9702, assuming resolution of 1
[INFO] mgg: 105 nomBkg: 4.98266 +/- 1 (2) sig -- +0.941704(1.56951) - 0.583905(1.08996)
[FOR TABLE] ,UntaggedTag_0,107.5,5.22108, assuming resolution of 1
[INFO] mgg: 107.5 nomBkg: 5.23248 +/- 1 (2) sig -- +1.01864(1.76921) - 0.613181(1.18548)
[FOR TABLE] ,UntaggedTag_0,110,5.10081, assuming resolution of 1
[INFO] mgg: 110 nomBkg: 5.10941 +/- 1 (2) sig -- +0.794672(1.48339) - 0.5788(1.07777)
[FOR TABLE] ,UntaggedTag_0,112.5,4.73318, assuming resolution of 1
[INFO] mgg: 112.5 nomBkg: 4.73531 +/- 1 (2) sig -- +0.56102(1.17304) - 0.48093(0.924865)
[FOR TABLE] ,UntaggedTag_0,115,4.25673, assuming resolution of 1
[INFO] mgg: 115 nomBkg: 4.2568 +/- 1 (2) sig -- +0.362672(0.967126) - 0.432331(0.831406)
[FOR TABLE] ,UntaggedTag_0,117.5,3.77269, assuming resolution of 1
[INFO] mgg: 117.5 nomBkg: 3.7717 +/- 1 (2) sig -- +0.364141(0.910353) - 0.530395(0.795593)
[FOR TABLE] ,UntaggedTag_0,120,3.33462, assuming resolution of 1
[INFO] mgg: 120 nomBkg: 3.33204 +/- 1 (2) sig -- +0.288782(0.85565) - 0.468568(0.715867)
[FOR TABLE] ,UntaggedTag_0,122.5,2.9591, assuming resolution of 1
[INFO] mgg: 122.5 nomBkg: 2.95789 +/- 1 (2) sig -- +0.272086(0.806181) - 0.462171(0.670148)
[FOR TABLE] ,UntaggedTag_0,125,2.64365, assuming resolution of 1
[INFO] mgg: 125 nomBkg: 2.64161 +/- 1 (2) sig -- +0.266651(0.723767) - 0.443707(0.619126)
[FOR TABLE] ,UntaggedTag_0,127.5,2.37915, assuming resolution of 1
[INFO] mgg: 127.5 nomBkg: 2.37833 +/- 1 (2) sig -- +0.253015(0.650609) - 0.427356(0.576002)
[FOR TABLE] ,UntaggedTag_0,130,2.15598, assuming resolution of 1
[INFO] mgg: 130 nomBkg: 2.15467 +/- 1 (2) sig -- +2.09982e-06(0.584858) - 0.404(0.538667)
[FOR TABLE] ,UntaggedTag_0,135,1.80224, assuming resolution of 1
[INFO] mgg: 135 nomBkg: 1.8014 +/- 1 (2) sig -- +0.416804(0.581953) - 0.478496(0.5559)
[FOR TABLE] ,UntaggedTag_0,140,1.53496, assuming resolution of 1
[INFO] mgg: 140 nomBkg: 1.53439 +/- 1 (2) sig -- +0.188709(0.377418) - 0.317667(0.443535)
[FOR TABLE] ,UntaggedTag_0,145,1.32507, assuming resolution of 1
[INFO] mgg: 145 nomBkg: 1.32468 +/- 1 (2) sig -- +0.161852(0.337192) - 0.160411(0.310472)
[FOR TABLE] ,UntaggedTag_0,150,1.15479, assuming resolution of 1
[INFO] mgg: 150 nomBkg: 1.1545 +/- 1 (2) sig -- +0.151099(0.314789) - 0.142058(0.270587)
[FOR TABLE] ,UntaggedTag_0,155,1.01298, assuming resolution of 1
[INFO] mgg: 155 nomBkg: 1.01277 +/- 1 (2) sig -- +0.14152(0.306626) - 0.063298(0.269016)
[FOR TABLE] ,UntaggedTag_0,160,0.892541, assuming resolution of 1
[INFO] mgg: 160 nomBkg: 0.892376 +/- 1 (2) sig -- +0.143913(0.309965) - 0.132462(0.278867)
[FOR TABLE] ,UntaggedTag_0,165,0.788778, assuming resolution of 1
[INFO] mgg: 165 nomBkg: 0.788644 +/- 1 (2) sig -- +0.156104(0.312207) - 0.138629(0.283419)
[FOR TABLE] ,UntaggedTag_0,170,0.698475, assuming resolution of 1
[INFO] mgg: 170 nomBkg: 0.698364 +/- 1 (2) sig -- +0.166483(0.323174) - 0.141855(0.272798)
[FOR TABLE] ,UntaggedTag_0,175,0.619336, assuming resolution of 1
[INFO] mgg: 175 nomBkg: 0.619242 +/- 1 (2) sig -- +0.184434(0.331982) - 0.15481(0.270918)
[FOR TABLE] ,UntaggedTag_0,180,0.552958, assuming resolution of 1
[INFO] mgg: 180 nomBkg: 0.549672 +/- 1 (2) sig -- +0.00868826(0.0521296) - 0.461638(0.472374)

[INFO] intLumi 170.84
Info in <TCanvas::Print>: pdf file /afs/cern.ch/work/p/pelai/HZa/flashgg_run3/CMSSW_14_1_0_pre4/src/flashggFinalFit/Background/ALP_BkgModel_ReReco/fit_results_run3/AllFitResults/bkgplot_11.pdf has been created
Info in <TCanvas::Print>: pdf file /afs/cern.ch/work/p/pelai/HZa/flashgg_run3/CMSSW_14_1_0_pre4/src/flashggFinalFit/Background/ALP_BkgModel_ReReco/fit_results_run3/11/BkgPlots/bkgplot_cat0.pdf has been created
