Warning in <TClassTable::Add>: class RooPowerLaw already in TClassTable
Error in <TCling::LoadPCM>: ROOT PCM /afs/cern.ch/work/p/pelai/HZa/flashgg_run3/CMSSW_14_1_0_pre4/src/flashggFinalFit/Background/lib/RootDict_rdict.pcm file does not exist
Info in <TCling::LoadPCM>: In-memory ROOT PCM candidate /cvmfs/cms.cern.ch/el9_amd64_gcc12/lcg/root/6.30.07-8b1a11e1ef0e074fdfd44e162b27e71c/lib/libASImageGui_rdict.pcm

Info in <TCling::LoadPCM>: In-memory ROOT PCM candidate /cvmfs/cms.cern.ch/el9_amd64_gcc12/lcg/root/6.30.07-8b1a11e1ef0e074fdfd44e162b27e71c/lib/libASImage_rdict.pcm

Info in <TCling::LoadPCM>: In-memory ROOT PCM candidate /cvmfs/cms.cern.ch/el9_amd64_gcc12/lcg/root/6.30.07-8b1a11e1ef0e074fdfd44e162b27e71c/lib/libDCache_rdict.pcm

Info in <TCling::LoadPCM>: In-memory ROOT PCM candidate /cvmfs/cms.cern.ch/el9_amd64_gcc12/lcg/root/6.30.07-8b1a11e1ef0e074fdfd44e162b27e71c/lib/libEG_rdict.pcm

Info in <TCling::LoadPCM>: In-memory ROOT PCM candidate /cvmfs/cms.cern.ch/el9_amd64_gcc12/lcg/root/6.30.07-8b1a11e1ef0e074fdfd44e162b27e71c/lib/libEve_rdict.pcm

Info in <TCling::LoadPCM>: In-memory ROOT PCM candidate /cvmfs/cms.cern.ch/el9_amd64_gcc12/lcg/root/6.30.07-8b1a11e1ef0e074fdfd44e162b27e71c/lib/libFFTW_rdict.pcm

Info in <TCling::LoadPCM>: In-memory ROOT PCM candidate /cvmfs/cms.cern.ch/el9_amd64_gcc12/lcg/root/6.30.07-8b1a11e1ef0e074fdfd44e162b27e71c/lib/libFitPanel_rdict.pcm

Info in <TCling::LoadPCM>: In-memory ROOT PCM candidate /cvmfs/cms.cern.ch/el9_amd64_gcc12/lcg/root/6.30.07-8b1a11e1ef0e074fdfd44e162b27e71c/lib/libFoam_rdict.pcm

Info in <TCling::LoadPCM>: In-memory ROOT PCM candidate /cvmfs/cms.cern.ch/el9_amd64_gcc12/lcg/root/6.30.07-8b1a11e1ef0e074fdfd44e162b27e71c/lib/libFumili_rdict.pcm

Info in <TCling::LoadPCM>: In-memory ROOT PCM candidate /cvmfs/cms.cern.ch/el9_amd64_gcc12/lcg/root/6.30.07-8b1a11e1ef0e074fdfd44e162b27e71c/lib/libGX11TTF_rdict.pcm

Info in <TCling::LoadPCM>: In-memory ROOT PCM candidate /cvmfs/cms.cern.ch/el9_amd64_gcc12/lcg/root/6.30.07-8b1a11e1ef0e074fdfd44e162b27e71c/lib/libGX11_rdict.pcm

Info in <TCling::LoadPCM>: In-memory ROOT PCM candidate /cvmfs/cms.cern.ch/el9_amd64_gcc12/lcg/root/6.30.07-8b1a11e1ef0e074fdfd44e162b27e71c/lib/libGdml_rdict.pcm

Info in <TCling::LoadPCM>: In-memory ROOT PCM candidate /cvmfs/cms.cern.ch/el9_amd64_gcc12/lcg/root/6.30.07-8b1a11e1ef0e074fdfd44e162b27e71c/lib/libGed_rdict.pcm

Info in <TCling::LoadPCM>: In-memory ROOT PCM candidate /cvmfs/cms.cern.ch/el9_amd64_gcc12/lcg/root/6.30.07-8b1a11e1ef0e074fdfd44e162b27e71c/lib/libGenVector_G__GenVector32_rdict.pcm

Info in <TCling::LoadPCM>: In-memory ROOT PCM candidate /cvmfs/cms.cern.ch/el9_amd64_gcc12/lcg/root/6.30.07-8b1a11e1ef0e074fdfd44e162b27e71c/lib/libGenVector_rdict.pcm

Info in <TCling::LoadPCM>: In-memory ROOT PCM candidate /cvmfs/cms.cern.ch/el9_amd64_gcc12/lcg/root/6.30.07-8b1a11e1ef0e074fdfd44e162b27e71c/lib/libGenetic_rdict.pcm

Info in <TCling::LoadPCM>: In-memory ROOT PCM candidate /cvmfs/cms.cern.ch/el9_amd64_gcc12/lcg/root/6.30.07-8b1a11e1ef0e074fdfd44e162b27e71c/lib/libGeomBuilder_rdict.pcm

Info in <TCling::LoadPCM>: In-memory ROOT PCM candidate /cvmfs/cms.cern.ch/el9_amd64_gcc12/lcg/root/6.30.07-8b1a11e1ef0e074fdfd44e162b27e71c/lib/libGeomPainter_rdict.pcm

Info in <TCling::LoadPCM>: In-memory ROOT PCM candidate /cvmfs/cms.cern.ch/el9_amd64_gcc12/lcg/root/6.30.07-8b1a11e1ef0e074fdfd44e162b27e71c/lib/libGeom_rdict.pcm

Info in <TCling::LoadPCM>: In-memory ROOT PCM candidate /cvmfs/cms.cern.ch/el9_amd64_gcc12/lcg/root/6.30.07-8b1a11e1ef0e074fdfd44e162b27e71c/lib/libGpad_rdict.pcm

Info in <TCling::LoadPCM>: In-memory ROOT PCM candidate /cvmfs/cms.cern.ch/el9_amd64_gcc12/lcg/root/6.30.07-8b1a11e1ef0e074fdfd44e162b27e71c/lib/libGraf3d_rdict.pcm

Info in <TCling::LoadPCM>: In-memory ROOT PCM candidate /cvmfs/cms.cern.ch/el9_amd64_gcc12/lcg/root/6.30.07-8b1a11e1ef0e074fdfd44e162b27e71c/lib/libGraf_rdict.pcm

Info in <TCling::LoadPCM>: In-memory ROOT PCM candidate /cvmfs/cms.cern.ch/el9_amd64_gcc12/lcg/root/6.30.07-8b1a11e1ef0e074fdfd44e162b27e71c/lib/libGuiBld_rdict.pcm

Info in <TCling::LoadPCM>: In-memory ROOT PCM candidate /cvmfs/cms.cern.ch/el9_amd64_gcc12/lcg/root/6.30.07-8b1a11e1ef0e074fdfd44e162b27e71c/lib/libGuiHtml_rdict.pcm

Info in <TCling::LoadPCM>: In-memory ROOT PCM candidate /cvmfs/cms.cern.ch/el9_amd64_gcc12/lcg/root/6.30.07-8b1a11e1ef0e074fdfd44e162b27e71c/lib/libGui_rdict.pcm

Info in <TCling::LoadPCM>: In-memory ROOT PCM candidate /cvmfs/cms.cern.ch/el9_amd64_gcc12/lcg/root/6.30.07-8b1a11e1ef0e074fdfd44e162b27e71c/lib/libGviz3d_rdict.pcm

Info in <TCling::LoadPCM>: In-memory ROOT PCM candidate /cvmfs/cms.cern.ch/el9_amd64_gcc12/lcg/root/6.30.07-8b1a11e1ef0e074fdfd44e162b27e71c/lib/libHistFactory_rdict.pcm

Info in <TCling::LoadPCM>: In-memory ROOT PCM candidate /cvmfs/cms.cern.ch/el9_amd64_gcc12/lcg/root/6.30.07-8b1a11e1ef0e074fdfd44e162b27e71c/lib/libHistPainter_rdict.pcm

Info in <TCling::LoadPCM>: In-memory ROOT PCM candidate /cvmfs/cms.cern.ch/el9_amd64_gcc12/lcg/root/6.30.07-8b1a11e1ef0e074fdfd44e162b27e71c/lib/libHist_rdict.pcm

Info in <TCling::LoadPCM>: In-memory ROOT PCM candidate /cvmfs/cms.cern.ch/el9_amd64_gcc12/lcg/root/6.30.07-8b1a11e1ef0e074fdfd44e162b27e71c/lib/libHtml_rdict.pcm

Info in <TCling::LoadPCM>: In-memory ROOT PCM candidate /cvmfs/cms.cern.ch/el9_amd64_gcc12/lcg/root/6.30.07-8b1a11e1ef0e074fdfd44e162b27e71c/lib/libMLP_rdict.pcm

Info in <TCling::LoadPCM>: In-memory ROOT PCM candidate /cvmfs/cms.cern.ch/el9_amd64_gcc12/lcg/root/6.30.07-8b1a11e1ef0e074fdfd44e162b27e71c/lib/libMathCore_rdict.pcm

Info in <TCling::LoadPCM>: In-memory ROOT PCM candidate /cvmfs/cms.cern.ch/el9_amd64_gcc12/lcg/root/6.30.07-8b1a11e1ef0e074fdfd44e162b27e71c/lib/libMathMore_rdict.pcm

Info in <TCling::LoadPCM>: In-memory ROOT PCM candidate /cvmfs/cms.cern.ch/el9_amd64_gcc12/lcg/root/6.30.07-8b1a11e1ef0e074fdfd44e162b27e71c/lib/libMatrix_rdict.pcm

Info in <TCling::LoadPCM>: In-memory ROOT PCM candidate /cvmfs/cms.cern.ch/el9_amd64_gcc12/lcg/root/6.30.07-8b1a11e1ef0e074fdfd44e162b27e71c/lib/libMinuit2_rdict.pcm

Info in <TCling::LoadPCM>: In-memory ROOT PCM candidate /cvmfs/cms.cern.ch/el9_amd64_gcc12/lcg/root/6.30.07-8b1a11e1ef0e074fdfd44e162b27e71c/lib/libMinuit_rdict.pcm

Info in <TCling::LoadPCM>: In-memory ROOT PCM candidate /cvmfs/cms.cern.ch/el9_amd64_gcc12/lcg/root/6.30.07-8b1a11e1ef0e074fdfd44e162b27e71c/lib/libNet_rdict.pcm

Info in <TCling::LoadPCM>: In-memory ROOT PCM candidate /cvmfs/cms.cern.ch/el9_amd64_gcc12/lcg/root/6.30.07-8b1a11e1ef0e074fdfd44e162b27e71c/lib/libNetxNG_rdict.pcm

Info in <TCling::LoadPCM>: In-memory ROOT PCM candidate /cvmfs/cms.cern.ch/el9_amd64_gcc12/lcg/root/6.30.07-8b1a11e1ef0e074fdfd44e162b27e71c/lib/libPhysics_rdict.pcm

Info in <TCling::LoadPCM>: In-memory ROOT PCM candidate /cvmfs/cms.cern.ch/el9_amd64_gcc12/lcg/root/6.30.07-8b1a11e1ef0e074fdfd44e162b27e71c/lib/libPostscript_rdict.pcm

Info in <TCling::LoadPCM>: In-memory ROOT PCM candidate /cvmfs/cms.cern.ch/el9_amd64_gcc12/lcg/root/6.30.07-8b1a11e1ef0e074fdfd44e162b27e71c/lib/libProofBench_rdict.pcm

Info in <TCling::LoadPCM>: In-memory ROOT PCM candidate /cvmfs/cms.cern.ch/el9_amd64_gcc12/lcg/root/6.30.07-8b1a11e1ef0e074fdfd44e162b27e71c/lib/libProofDraw_rdict.pcm

Info in <TCling::LoadPCM>: In-memory ROOT PCM candidate /cvmfs/cms.cern.ch/el9_amd64_gcc12/lcg/root/6.30.07-8b1a11e1ef0e074fdfd44e162b27e71c/lib/libProofPlayer_rdict.pcm

Info in <TCling::LoadPCM>: In-memory ROOT PCM candidate /cvmfs/cms.cern.ch/el9_amd64_gcc12/lcg/root/6.30.07-8b1a11e1ef0e074fdfd44e162b27e71c/lib/libProof_rdict.pcm

Info in <TCling::LoadPCM>: In-memory ROOT PCM candidate /cvmfs/cms.cern.ch/el9_amd64_gcc12/lcg/root/6.30.07-8b1a11e1ef0e074fdfd44e162b27e71c/lib/libPyMVA_rdict.pcm

Info in <TCling::LoadPCM>: In-memory ROOT PCM candidate /cvmfs/cms.cern.ch/el9_amd64_gcc12/lcg/root/6.30.07-8b1a11e1ef0e074fdfd44e162b27e71c/lib/libQuadp_rdict.pcm

Info in <TCling::LoadPCM>: In-memory ROOT PCM candidate /cvmfs/cms.cern.ch/el9_amd64_gcc12/lcg/root/6.30.07-8b1a11e1ef0e074fdfd44e162b27e71c/lib/libRCsg_rdict.pcm

Info in <TCling::LoadPCM>: In-memory ROOT PCM candidate /cvmfs/cms.cern.ch/el9_amd64_gcc12/lcg/root/6.30.07-8b1a11e1ef0e074fdfd44e162b27e71c/lib/libRDAVIX_rdict.pcm

Info in <TCling::LoadPCM>: In-memory ROOT PCM candidate /cvmfs/cms.cern.ch/el9_amd64_gcc12/lcg/root/6.30.07-8b1a11e1ef0e074fdfd44e162b27e71c/lib/libRGL_rdict.pcm

Info in <TCling::LoadPCM>: In-memory ROOT PCM candidate /cvmfs/cms.cern.ch/el9_amd64_gcc12/lcg/root/6.30.07-8b1a11e1ef0e074fdfd44e162b27e71c/lib/libRHTTPSniff_rdict.pcm

Info in <TCling::LoadPCM>: In-memory ROOT PCM candidate /cvmfs/cms.cern.ch/el9_amd64_gcc12/lcg/root/6.30.07-8b1a11e1ef0e074fdfd44e162b27e71c/lib/libRHTTP_rdict.pcm

Info in <TCling::LoadPCM>: In-memory ROOT PCM candidate /cvmfs/cms.cern.ch/el9_amd64_gcc12/lcg/root/6.30.07-8b1a11e1ef0e074fdfd44e162b27e71c/lib/libROOTBrowsable_rdict.pcm

Info in <TCling::LoadPCM>: In-memory ROOT PCM candidate /cvmfs/cms.cern.ch/el9_amd64_gcc12/lcg/root/6.30.07-8b1a11e1ef0e074fdfd44e162b27e71c/lib/libROOTBrowserv7_rdict.pcm

Info in <TCling::LoadPCM>: In-memory ROOT PCM candidate /cvmfs/cms.cern.ch/el9_amd64_gcc12/lcg/root/6.30.07-8b1a11e1ef0e074fdfd44e162b27e71c/lib/libROOTDataFrame_rdict.pcm

Info in <TCling::LoadPCM>: In-memory ROOT PCM candidate /cvmfs/cms.cern.ch/el9_amd64_gcc12/lcg/root/6.30.07-8b1a11e1ef0e074fdfd44e162b27e71c/lib/libROOTEve_rdict.pcm

Info in <TCling::LoadPCM>: In-memory ROOT PCM candidate /cvmfs/cms.cern.ch/el9_amd64_gcc12/lcg/root/6.30.07-8b1a11e1ef0e074fdfd44e162b27e71c/lib/libROOTFitPanelv7_rdict.pcm

Info in <TCling::LoadPCM>: In-memory ROOT PCM candidate /cvmfs/cms.cern.ch/el9_amd64_gcc12/lcg/root/6.30.07-8b1a11e1ef0e074fdfd44e162b27e71c/lib/libROOTGeomViewer_rdict.pcm

Info in <TCling::LoadPCM>: In-memory ROOT PCM candidate /cvmfs/cms.cern.ch/el9_amd64_gcc12/lcg/root/6.30.07-8b1a11e1ef0e074fdfd44e162b27e71c/lib/libROOTGpadv7_rdict.pcm

Info in <TCling::LoadPCM>: In-memory ROOT PCM candidate /cvmfs/cms.cern.ch/el9_amd64_gcc12/lcg/root/6.30.07-8b1a11e1ef0e074fdfd44e162b27e71c/lib/libROOTGraphicsPrimitives_rdict.pcm

Info in <TCling::LoadPCM>: In-memory ROOT PCM candidate /cvmfs/cms.cern.ch/el9_amd64_gcc12/lcg/root/6.30.07-8b1a11e1ef0e074fdfd44e162b27e71c/lib/libROOTHistDraw_rdict.pcm

Info in <TCling::LoadPCM>: In-memory ROOT PCM candidate /cvmfs/cms.cern.ch/el9_amd64_gcc12/lcg/root/6.30.07-8b1a11e1ef0e074fdfd44e162b27e71c/lib/libROOTHist_rdict.pcm

Info in <TCling::LoadPCM>: In-memory ROOT PCM candidate /cvmfs/cms.cern.ch/el9_amd64_gcc12/lcg/root/6.30.07-8b1a11e1ef0e074fdfd44e162b27e71c/lib/libROOTNTupleUtil_rdict.pcm

Info in <TCling::LoadPCM>: In-memory ROOT PCM candidate /cvmfs/cms.cern.ch/el9_amd64_gcc12/lcg/root/6.30.07-8b1a11e1ef0e074fdfd44e162b27e71c/lib/libROOTNTuple_rdict.pcm

Info in <TCling::LoadPCM>: In-memory ROOT PCM candidate /cvmfs/cms.cern.ch/el9_amd64_gcc12/lcg/root/6.30.07-8b1a11e1ef0e074fdfd44e162b27e71c/lib/libROOTTMVASofie_rdict.pcm

Info in <TCling::LoadPCM>: In-memory ROOT PCM candidate /cvmfs/cms.cern.ch/el9_amd64_gcc12/lcg/root/6.30.07-8b1a11e1ef0e074fdfd44e162b27e71c/lib/libROOTTPython_rdict.pcm

Info in <TCling::LoadPCM>: In-memory ROOT PCM candidate /cvmfs/cms.cern.ch/el9_amd64_gcc12/lcg/root/6.30.07-8b1a11e1ef0e074fdfd44e162b27e71c/lib/libROOTTreeViewer_rdict.pcm

Info in <TCling::LoadPCM>: In-memory ROOT PCM candidate /cvmfs/cms.cern.ch/el9_amd64_gcc12/lcg/root/6.30.07-8b1a11e1ef0e074fdfd44e162b27e71c/lib/libROOTVecOps_rdict.pcm

Info in <TCling::LoadPCM>: In-memory ROOT PCM candidate /cvmfs/cms.cern.ch/el9_amd64_gcc12/lcg/root/6.30.07-8b1a11e1ef0e074fdfd44e162b27e71c/lib/libROOTWebDisplay_rdict.pcm

Info in <TCling::LoadPCM>: In-memory ROOT PCM candidate /cvmfs/cms.cern.ch/el9_amd64_gcc12/lcg/root/6.30.07-8b1a11e1ef0e074fdfd44e162b27e71c/lib/libRecorder_rdict.pcm

Info in <TCling::LoadPCM>: In-memory ROOT PCM candidate /cvmfs/cms.cern.ch/el9_amd64_gcc12/lcg/root/6.30.07-8b1a11e1ef0e074fdfd44e162b27e71c/lib/libRooFitCore_rdict.pcm

Info in <TCling::LoadPCM>: In-memory ROOT PCM candidate /cvmfs/cms.cern.ch/el9_amd64_gcc12/lcg/root/6.30.07-8b1a11e1ef0e074fdfd44e162b27e71c/lib/libRooFitHS3_rdict.pcm

Info in <TCling::LoadPCM>: In-memory ROOT PCM candidate /cvmfs/cms.cern.ch/el9_amd64_gcc12/lcg/root/6.30.07-8b1a11e1ef0e074fdfd44e162b27e71c/lib/libRooFitJSONInterface_rdict.pcm

Info in <TCling::LoadPCM>: In-memory ROOT PCM candidate /cvmfs/cms.cern.ch/el9_amd64_gcc12/lcg/root/6.30.07-8b1a11e1ef0e074fdfd44e162b27e71c/lib/libRooFitMore_rdict.pcm

Info in <TCling::LoadPCM>: In-memory ROOT PCM candidate /cvmfs/cms.cern.ch/el9_amd64_gcc12/lcg/root/6.30.07-8b1a11e1ef0e074fdfd44e162b27e71c/lib/libRooFitRDataFrameHelpers_rdict.pcm

Info in <TCling::LoadPCM>: In-memory ROOT PCM candidate /cvmfs/cms.cern.ch/el9_amd64_gcc12/lcg/root/6.30.07-8b1a11e1ef0e074fdfd44e162b27e71c/lib/libRooFitXRooFit_rdict.pcm

Info in <TCling::LoadPCM>: In-memory ROOT PCM candidate /cvmfs/cms.cern.ch/el9_amd64_gcc12/lcg/root/6.30.07-8b1a11e1ef0e074fdfd44e162b27e71c/lib/libRooFit_rdict.pcm

Info in <TCling::LoadPCM>: In-memory ROOT PCM candidate /cvmfs/cms.cern.ch/el9_amd64_gcc12/lcg/root/6.30.07-8b1a11e1ef0e074fdfd44e162b27e71c/lib/libRooStats_rdict.pcm

Info in <TCling::LoadPCM>: In-memory ROOT PCM candidate /cvmfs/cms.cern.ch/el9_amd64_gcc12/lcg/root/6.30.07-8b1a11e1ef0e074fdfd44e162b27e71c/lib/libRootAuth_rdict.pcm

Info in <TCling::LoadPCM>: In-memory ROOT PCM candidate /cvmfs/cms.cern.ch/el9_amd64_gcc12/lcg/root/6.30.07-8b1a11e1ef0e074fdfd44e162b27e71c/lib/libSPlot_rdict.pcm

Info in <TCling::LoadPCM>: In-memory ROOT PCM candidate /cvmfs/cms.cern.ch/el9_amd64_gcc12/lcg/root/6.30.07-8b1a11e1ef0e074fdfd44e162b27e71c/lib/libSQLIO_rdict.pcm

Info in <TCling::LoadPCM>: In-memory ROOT PCM candidate /cvmfs/cms.cern.ch/el9_amd64_gcc12/lcg/root/6.30.07-8b1a11e1ef0e074fdfd44e162b27e71c/lib/libSessionViewer_rdict.pcm

Info in <TCling::LoadPCM>: In-memory ROOT PCM candidate /cvmfs/cms.cern.ch/el9_amd64_gcc12/lcg/root/6.30.07-8b1a11e1ef0e074fdfd44e162b27e71c/lib/libSmatrix_G__Smatrix32_rdict.pcm

Info in <TCling::LoadPCM>: In-memory ROOT PCM candidate /cvmfs/cms.cern.ch/el9_amd64_gcc12/lcg/root/6.30.07-8b1a11e1ef0e074fdfd44e162b27e71c/lib/libSmatrix_rdict.pcm

Info in <TCling::LoadPCM>: In-memory ROOT PCM candidate /cvmfs/cms.cern.ch/el9_amd64_gcc12/lcg/root/6.30.07-8b1a11e1ef0e074fdfd44e162b27e71c/lib/libSpectrumPainter_rdict.pcm

Info in <TCling::LoadPCM>: In-memory ROOT PCM candidate /cvmfs/cms.cern.ch/el9_amd64_gcc12/lcg/root/6.30.07-8b1a11e1ef0e074fdfd44e162b27e71c/lib/libSpectrum_rdict.pcm

Info in <TCling::LoadPCM>: In-memory ROOT PCM candidate /cvmfs/cms.cern.ch/el9_amd64_gcc12/lcg/root/6.30.07-8b1a11e1ef0e074fdfd44e162b27e71c/lib/libTMVAGui_rdict.pcm

Info in <TCling::LoadPCM>: In-memory ROOT PCM candidate /cvmfs/cms.cern.ch/el9_amd64_gcc12/lcg/root/6.30.07-8b1a11e1ef0e074fdfd44e162b27e71c/lib/libTMVAUtils_rdict.pcm

Info in <TCling::LoadPCM>: In-memory ROOT PCM candidate /cvmfs/cms.cern.ch/el9_amd64_gcc12/lcg/root/6.30.07-8b1a11e1ef0e074fdfd44e162b27e71c/lib/libTMVA_rdict.pcm

Info in <TCling::LoadPCM>: In-memory ROOT PCM candidate /cvmfs/cms.cern.ch/el9_amd64_gcc12/lcg/root/6.30.07-8b1a11e1ef0e074fdfd44e162b27e71c/lib/libTreePlayer_rdict.pcm

Info in <TCling::LoadPCM>: In-memory ROOT PCM candidate /cvmfs/cms.cern.ch/el9_amd64_gcc12/lcg/root/6.30.07-8b1a11e1ef0e074fdfd44e162b27e71c/lib/libTreeViewer_rdict.pcm

Info in <TCling::LoadPCM>: In-memory ROOT PCM candidate /cvmfs/cms.cern.ch/el9_amd64_gcc12/lcg/root/6.30.07-8b1a11e1ef0e074fdfd44e162b27e71c/lib/libTree_rdict.pcm

Info in <TCling::LoadPCM>: In-memory ROOT PCM candidate /cvmfs/cms.cern.ch/el9_amd64_gcc12/lcg/root/6.30.07-8b1a11e1ef0e074fdfd44e162b27e71c/lib/libWebGui6_rdict.pcm

Info in <TCling::LoadPCM>: In-memory ROOT PCM candidate /cvmfs/cms.cern.ch/el9_amd64_gcc12/lcg/root/6.30.07-8b1a11e1ef0e074fdfd44e162b27e71c/lib/libX3d_rdict.pcm

Info in <TCling::LoadPCM>: In-memory ROOT PCM candidate /cvmfs/cms.cern.ch/el9_amd64_gcc12/lcg/root/6.30.07-8b1a11e1ef0e074fdfd44e162b27e71c/lib/libXMLIO_rdict.pcm

Info in <TCling::LoadPCM>: In-memory ROOT PCM candidate /cvmfs/cms.cern.ch/el9_amd64_gcc12/lcg/root/6.30.07-8b1a11e1ef0e074fdfd44e162b27e71c/lib/libXMLParser_rdict.pcm

[WSTFileWrapper] successfully opened this file: /afs/cern.ch/work/p/pelai/HZa/flashgg_run3/CMSSW_14_1_0_pre4/src/flashggFinalFit/Background/ALP_BkgModel_ReReco/fit_results_run3/19/CMS-HGG_mva_13p6TeV_multipdf.root
[WSTFileWrapper] on file /afs/cern.ch/work/p/pelai/HZa/flashgg_run3/CMSSW_14_1_0_pre4/src/flashggFinalFit/Background/ALP_BkgModel_ReReco/fit_results_run3/19/CMS-HGG_mva_13p6TeV_multipdf.root opened workspace named: multipdf
[INFO] sqrts=13p6TeV -> extStr=13p6TeV
[WSTFileWrapper] Got non-zero RooAbsData from /afs/cern.ch/work/p/pelai/HZa/flashgg_run3/CMSSW_14_1_0_pre4/src/flashggFinalFit/Background/ALP_BkgModel_ReReco/fit_results_run3/19/CMS-HGG_mva_13p6TeV_multipdf.root with name roohist_data_mass_cat0
[WSTFileWrapper] Got non-zero RooAbsPdf from /afs/cern.ch/work/p/pelai/HZa/flashgg_run3/CMSSW_14_1_0_pre4/src/flashggFinalFit/Background/ALP_BkgModel_ReReco/fit_results_run3/19/CMS-HGG_mva_13p6TeV_multipdf.root with name CMS_hgg_cat0_13p6TeV_bkgshape
[WSTFileWrapper] Got non-zero RooCategory from /afs/cern.ch/work/p/pelai/HZa/flashgg_run3/CMSSW_14_1_0_pre4/src/flashggFinalFit/Background/ALP_BkgModel_ReReco/fit_results_run3/19/CMS-HGG_mva_13p6TeV_multipdf.root with name pdfindex_cat0_13p6TeV
[INFO] Current PDF and data:
[INFO] 	RooFFTConvPdf::Exp1[ Exp_soft_exp1(CMS_hza_mass) (*) Exp_gau_exp1(CMS_hza_mass) ] = 3306.22
[INFO] 	RooDataHist::roohist_data_mass_cat0[CMS_hza_mass] = 85 bins (205 weights)
unblind: 0
Into the blind
Number of PDFs: 4
Info in <TCanvas::Print>: pdf file /afs/cern.ch/work/p/pelai/HZa/flashgg_run3/CMSSW_14_1_0_pre4/src/flashggFinalFit/Background/ALP_BkgModel_ReReco/fit_results_run3/19/BkgPlots/allPdfs_cat0.pdf has been created
unblind: 0
Into the blind
Number of PDFs: 4
Info in <TCanvas::Print>: pdf file /afs/cern.ch/work/p/pelai/HZa/flashgg_run3/CMSSW_14_1_0_pre4/src/flashggFinalFit/Background/ALP_BkgModel_ReReco/fit_results_run3/AllFitResults/allPdfs_19.pdf has been created
[INFO] Best fit PDF and data:
[INFO] 	RooFFTConvPdf::Exp1[ Exp_soft_exp1(CMS_hza_mass) (*) Exp_gau_exp1(CMS_hza_mass) ] = 3297.69
[INFO] 	RooDataHist::roohist_data_mass_cat0[CMS_hza_mass] = 85 bins (205 weights)
Error in <TLegend::AddEntry>: need to create a canvas first
[INFO] Plotting data and nominal curve
[INFO] Plot has 85 bins
[INFO] Processing for mA = 19
[FOR TABLE] ,UntaggedTag_0,95,3.32543, assuming resolution of 1
[INFO] mgg: 95 nomBkg: 3.27254 +/- 1 (2) sig -- +0.0317991(0.127196) - 2.99769(3.02965)
[FOR TABLE] ,UntaggedTag_0,97.5,3.80624, assuming resolution of 1
[INFO] mgg: 97.5 nomBkg: 3.80684 +/- 1 (2) sig -- +0.571615(1.23469) - 0.46842(1.01119)
[FOR TABLE] ,UntaggedTag_0,100,4.31645, assuming resolution of 1
[INFO] mgg: 100 nomBkg: 4.31886 +/- 1 (2) sig -- +0.560136(1.16898) - 0.506116(0.978492)
[FOR TABLE] ,UntaggedTag_0,102.5,4.76656, assuming resolution of 1
[INFO] mgg: 102.5 nomBkg: 4.76831 +/- 1 (2) sig -- +0.537382(1.12594) - 0.502908(0.968564)
[FOR TABLE] ,UntaggedTag_0,105,5.12929, assuming resolution of 1
[INFO] mgg: 105 nomBkg: 5.13369 +/- 1 (2) sig -- +0.504487(1.06208) - 0.481284(0.92246)
[FOR TABLE] ,UntaggedTag_0,107.5,5.38275, assuming resolution of 1
[INFO] mgg: 107.5 nomBkg: 5.38524 +/- 1 (2) sig -- +0.489504(1.08779) - 0.441758(0.883516)
[FOR TABLE] ,UntaggedTag_0,110,5.51278, assuming resolution of 1
[INFO] mgg: 110 nomBkg: 5.51796 +/- 1 (2) sig -- +0.467972(1.04605) - 0.431091(0.840627)
[FOR TABLE] ,UntaggedTag_0,112.5,5.51437, assuming resolution of 1
[INFO] mgg: 112.5 nomBkg: 5.51686 +/- 1 (2) sig -- +0.4404(0.9909) - 0.431005(0.818909)
[FOR TABLE] ,UntaggedTag_0,115,5.39187, assuming resolution of 1
[INFO] mgg: 115 nomBkg: 5.39635 +/- 1 (2) sig -- +0.435563(0.980017) - 0.421589(0.843179)
[FOR TABLE] ,UntaggedTag_0,117.5,5.15815, assuming resolution of 1
[INFO] mgg: 117.5 nomBkg: 5.16 +/- 1 (2) sig -- +0.452538(0.905076) - 0.423281(0.846562)
[FOR TABLE] ,UntaggedTag_0,120,4.8327, assuming resolution of 1
[INFO] mgg: 120 nomBkg: 4.83543 +/- 1 (2) sig -- +0.438074(0.901918) - 0.415545(0.83109)
[FOR TABLE] ,UntaggedTag_0,122.5,4.43913, assuming resolution of 1
[INFO] mgg: 122.5 nomBkg: 4.43998 +/- 1 (2) sig -- +0.444472(0.888944) - 0.416249(0.79781)
[FOR TABLE] ,UntaggedTag_0,125,4.0025, assuming resolution of 1
[INFO] mgg: 125 nomBkg: 4.00325 +/- 1 (2) sig -- +0.515834(0.890986) - 0.484768(0.813159)
[FOR TABLE] ,UntaggedTag_0,127.5,3.54692, assuming resolution of 1
[INFO] mgg: 127.5 nomBkg: 3.54687 +/- 1 (2) sig -- +0.375191(0.794523) - 0.360229(0.720457)
[FOR TABLE] ,UntaggedTag_0,130,3.09355, assuming resolution of 1
[INFO] mgg: 130 nomBkg: 3.09276 +/- 1 (2) sig -- +0.350351(0.700702) - 0.32619(0.65238)
[FOR TABLE] ,UntaggedTag_0,135,2.25686, assuming resolution of 1
[INFO] mgg: 135 nomBkg: 2.25527 +/- 1 (2) sig -- +0.263981(0.563159) - 0.246671(0.493341)
[FOR TABLE] ,UntaggedTag_0,140,1.57334, assuming resolution of 1
[INFO] mgg: 140 nomBkg: 1.5716 +/- 1 (2) sig -- +0.205674(0.44073) - 0.190311(0.368343)
[FOR TABLE] ,UntaggedTag_0,145,1.0611, assuming resolution of 1
[INFO] mgg: 145 nomBkg: 1.05958 +/- 1 (2) sig -- +0.168879(0.361883) - 0.157281(0.298006)
[FOR TABLE] ,UntaggedTag_0,150,0.700059, assuming resolution of 1
[INFO] mgg: 150 nomBkg: 0.698891 +/- 1 (2) sig -- +0.146953(0.313499) - 0.131042(0.223864)
[FOR TABLE] ,UntaggedTag_0,155,0.456015, assuming resolution of 1
[INFO] mgg: 155 nomBkg: 0.455182 +/- 1 (2) sig -- +0.122548(0.30044) - 0.103127(0.163581)
[FOR TABLE] ,UntaggedTag_0,160,0.29611, assuming resolution of 1
[INFO] mgg: 160 nomBkg: 0.295517 +/- 1 (2) sig -- +0.178374(0.293042) - 0.0969665(0.124671)
[FOR TABLE] ,UntaggedTag_0,165,0.196815, assuming resolution of 1
[INFO] mgg: 165 nomBkg: 0.196315 +/- 1 (2) sig -- +0.018173(0.259614) - 0.0720843(0.0904889)
[FOR TABLE] ,UntaggedTag_0,170,0.149502, assuming resolution of 1
[INFO] mgg: 170 nomBkg: 0.148874 +/- 1 (2) sig -- +0.0158256(0.217036) - 0.0622248(0.0802526)
[FOR TABLE] ,UntaggedTag_0,175,0.167694, assuming resolution of 1
[INFO] mgg: 175 nomBkg: 0.166639 +/- 1 (2) sig -- +0.0167432(0.22962) - 0.0829939(0.115866)
[FOR TABLE] ,UntaggedTag_0,180,0.282137, assuming resolution of 1
[INFO] mgg: 180 nomBkg: 0.291025 +/- 1 (2) sig -- +0.0221266(0.0695407) - 0.209743(0.214858)

[INFO] intLumi 172.13
Info in <TCanvas::Print>: pdf file /afs/cern.ch/work/p/pelai/HZa/flashgg_run3/CMSSW_14_1_0_pre4/src/flashggFinalFit/Background/ALP_BkgModel_ReReco/fit_results_run3/AllFitResults/bkgplot_19.pdf has been created
Info in <TCanvas::Print>: pdf file /afs/cern.ch/work/p/pelai/HZa/flashgg_run3/CMSSW_14_1_0_pre4/src/flashggFinalFit/Background/ALP_BkgModel_ReReco/fit_results_run3/19/BkgPlots/bkgplot_cat0.pdf has been created
